[    0.000000] Initializing cgroup subsys cpuset
[    0.000000] Initializing cgroup subsys cpu
[    0.000000] Initializing cgroup subsys cpuacct
[    0.000000] Linux version 4.4.0-93-generic (buildd@lgw01-03) (gcc version 5.4.0 20160609 (Ubuntu 5.4.0-6ubuntu1~16.04.4) ) #116-Ubuntu SMP Fri Aug 11 21:17:51 UTC 2017 (Ubuntu 4.4.0-93.116-generic 4.4.79)
[    0.000000] Command line: BOOT_IMAGE=/boot/vmlinuz-4.4.0-93-generic root=LABEL=cloudimg-rootfs ro console=tty1 console=ttyS0
[    0.000000] KERNEL supported cpus:
[    0.000000]   Intel GenuineIntel
[    0.000000]   AMD AuthenticAMD
[    0.000000]   Centaur CentaurHauls
[    0.000000] x86/fpu: xstate_offset[2]:  576, xstate_sizes[2]:  256
[    0.000000] x86/fpu: Supporting XSAVE feature 0x01: 'x87 floating point registers'
[    0.000000] x86/fpu: Supporting XSAVE feature 0x02: 'SSE registers'
[    0.000000] x86/fpu: Supporting XSAVE feature 0x04: 'AVX registers'
[    0.000000] x86/fpu: Enabled xstate features 0x7, context size is 832 bytes, using 'standard' format.
[    0.000000] x86/fpu: Using 'lazy' FPU context switches.
[    0.000000] e820: BIOS-provided physical RAM map:
[    0.000000] BIOS-e820: [mem 0x0000000000000000-0x000000000009fbff] usable
[    0.000000] BIOS-e820: [mem 0x000000000009fc00-0x000000000009ffff] reserved
[    0.000000] BIOS-e820: [mem 0x00000000000f0000-0x00000000000fffff] reserved
[    0.000000] BIOS-e820: [mem 0x0000000000100000-0x000000003ffeffff] usable
[    0.000000] BIOS-e820: [mem 0x000000003fff0000-0x000000003fffffff] ACPI data
[    0.000000] BIOS-e820: [mem 0x00000000fec00000-0x00000000fec00fff] reserved
[    0.000000] BIOS-e820: [mem 0x00000000fee00000-0x00000000fee00fff] reserved
[    0.000000] BIOS-e820: [mem 0x00000000fffc0000-0x00000000ffffffff] reserved
[    0.000000] NX (Execute Disable) protection: active
[    0.000000] SMBIOS 2.5 present.
[    0.000000] Hypervisor detected: KVM
[    0.000000] e820: last_pfn = 0x3fff0 max_arch_pfn = 0x400000000
[    0.000000] MTRR: Disabled
[    0.000000] x86/PAT: MTRRs disabled, skipping PAT initialization too.
[    0.000000] CPU MTRRs all blank - virtualized system.
[    0.000000] x86/PAT: Configuration [0-7]: WB  WT  UC- UC  WB  WT  UC- UC  
[    0.000000] found SMP MP-table at [mem 0x0009fff0-0x0009ffff] mapped at [ffff88000009fff0]
[    0.000000] Scanning 1 areas for low memory corruption
[    0.000000] RAMDISK: [mem 0x36ac4000-0x37559fff]
[    0.000000] ACPI: Early table checksum verification disabled
[    0.000000] ACPI: RSDP 0x00000000000E0000 000024 (v02 VBOX  )
[    0.000000] ACPI: XSDT 0x000000003FFF0030 00003C (v01 VBOX   VBOXXSDT 00000001 ASL  00000061)
[    0.000000] ACPI: FACP 0x000000003FFF00F0 0000F4 (v04 VBOX   VBOXFACP 00000001 ASL  00000061)
[    0.000000] ACPI: DSDT 0x000000003FFF0470 0021C8 (v02 VBOX   VBOXBIOS 00000002 INTL 20100528)
[    0.000000] ACPI: FACS 0x000000003FFF0200 000040
[    0.000000] ACPI: FACS 0x000000003FFF0200 000040
[    0.000000] ACPI: APIC 0x000000003FFF0240 00005C (v02 VBOX   VBOXAPIC 00000001 ASL  00000061)
[    0.000000] ACPI: SSDT 0x000000003FFF02A0 0001CC (v01 VBOX   VBOXCPUT 00000002 INTL 20100528)
[    0.000000] No NUMA configuration found
[    0.000000] Faking a node at [mem 0x0000000000000000-0x000000003ffeffff]
[    0.000000] NODE_DATA(0) allocated [mem 0x3ffeb000-0x3ffeffff]
[    0.000000] kvm-clock: Using msrs 4b564d01 and 4b564d00
[    0.000000] kvm-clock: cpu 0, msr 0:3ffe3001, primary cpu clock
[    0.000000] kvm-clock: using sched offset of 3235945572 cycles
[    0.000000] clocksource: kvm-clock: mask: 0xffffffffffffffff max_cycles: 0x1cd42e4dffb, max_idle_ns: 881590591483 ns
[    0.000000] Zone ranges:
[    0.000000]   DMA      [mem 0x0000000000001000-0x0000000000ffffff]
[    0.000000]   DMA32    [mem 0x0000000001000000-0x000000003ffeffff]
[    0.000000]   Normal   empty
[    0.000000]   Device   empty
[    0.000000] Movable zone start for each node
[    0.000000] Early memory node ranges
[    0.000000]   node   0: [mem 0x0000000000001000-0x000000000009efff]
[    0.000000]   node   0: [mem 0x0000000000100000-0x000000003ffeffff]
[    0.000000] Initmem setup node 0 [mem 0x0000000000001000-0x000000003ffeffff]
[    0.000000] ACPI: PM-Timer IO Port: 0x4008
[    0.000000] IOAPIC[0]: apic_id 2, version 32, address 0xfec00000, GSI 0-23
[    0.000000] ACPI: INT_SRC_OVR (bus 0 bus_irq 0 global_irq 2 dfl dfl)
[    0.000000] ACPI: INT_SRC_OVR (bus 0 bus_irq 9 global_irq 9 high level)
[    0.000000] Using ACPI (MADT) for SMP configuration information
[    0.000000] smpboot: Allowing 2 CPUs, 0 hotplug CPUs
[    0.000000] PM: Registered nosave memory: [mem 0x00000000-0x00000fff]
[    0.000000] PM: Registered nosave memory: [mem 0x0009f000-0x0009ffff]
[    0.000000] PM: Registered nosave memory: [mem 0x000a0000-0x000effff]
[    0.000000] PM: Registered nosave memory: [mem 0x000f0000-0x000fffff]
[    0.000000] e820: [mem 0x40000000-0xfebfffff] available for PCI devices
[    0.000000] Booting paravirtualized kernel on KVM
[    0.000000] clocksource: refined-jiffies: mask: 0xffffffff max_cycles: 0xffffffff, max_idle_ns: 7645519600211568 ns
[    0.000000] setup_percpu: NR_CPUS:512 nr_cpumask_bits:512 nr_cpu_ids:2 nr_node_ids:1
[    0.000000] PERCPU: Embedded 34 pages/cpu @ffff88003fc00000 s98328 r8192 d32744 u1048576
[    0.000000] PV qspinlock hash table entries: 256 (order: 0, 4096 bytes)
[    0.000000] Built 1 zonelists in Node order, mobility grouping on.  Total pages: 257913
[    0.000000] Policy zone: DMA32
[    0.000000] Kernel command line: BOOT_IMAGE=/boot/vmlinuz-4.4.0-93-generic root=LABEL=cloudimg-rootfs ro console=tty1 console=ttyS0
[    0.000000] PID hash table entries: 4096 (order: 3, 32768 bytes)
[    0.000000] Memory: 1001724K/1048120K available (8479K kernel code, 1294K rwdata, 3984K rodata, 1492K init, 1316K bss, 46396K reserved, 0K cma-reserved)
[    0.000000] SLUB: HWalign=64, Order=0-3, MinObjects=0, CPUs=2, Nodes=1
[    0.000000] Hierarchical RCU implementation.
[    0.000000] 	Build-time adjustment of leaf fanout to 64.
[    0.000000] 	RCU restricting CPUs from NR_CPUS=512 to nr_cpu_ids=2.
[    0.000000] RCU: Adjusting geometry for rcu_fanout_leaf=64, nr_cpu_ids=2
[    0.000000] NR_IRQS:33024 nr_irqs:440 16
[    0.000000] Console: colour VGA+ 80x25
[    0.000000] console [tty1] enabled
[    0.000000] console [ttyS0] enabled
[    0.000000] tsc: Detected 1600.000 MHz processor
[    3.923279] Calibrating delay loop (skipped) preset value.. 3200.00 BogoMIPS (lpj=6400000)
[    4.006135] pid_max: default: 32768 minimum: 301
[    4.045363] ACPI: Core revision 20150930
[    4.085300] ACPI: 2 ACPI AML tables successfully acquired and loaded
[    4.132500] Security Framework initialized
[    4.178588] Yama: becoming mindful.
[    4.209847] AppArmor: AppArmor initialized
[    4.240932] Dentry cache hash table entries: 131072 (order: 8, 1048576 bytes)
[    4.329380] Inode-cache hash table entries: 65536 (order: 7, 524288 bytes)
[    4.398565] Mount-cache hash table entries: 2048 (order: 2, 16384 bytes)
[    4.480649] Mountpoint-cache hash table entries: 2048 (order: 2, 16384 bytes)
[    4.539406] Initializing cgroup subsys io
[    4.584399] Initializing cgroup subsys memory
[    4.618881] Initializing cgroup subsys devices
[    4.665028] Initializing cgroup subsys freezer
[    4.707743] Initializing cgroup subsys net_cls
[    4.748965] Initializing cgroup subsys perf_event
[    4.773191] Initializing cgroup subsys net_prio
[    4.800137] Initializing cgroup subsys hugetlb
[    4.851196] Initializing cgroup subsys pids
[    4.854775] CPU: Physical Processor ID: 0
[    4.861419] CPU: Processor Core ID: 0
[    4.864083] mce: CPU supports 0 MCE banks
[    4.873406] Last level iTLB entries: 4KB 64, 2MB 8, 4MB 8
[    4.900782] Last level dTLB entries: 4KB 64, 2MB 0, 4MB 0, 1GB 4
[    4.965515] Freeing SMP alternatives memory: 32K (ffffffff820ba000 - ffffffff820c2000)
[    5.005096] ftrace: allocating 32136 entries in 126 pages
[    5.099459] smpboot: APIC(0) Converting physical 0 to logical package 0
[    5.165933] smpboot: Max logical packages: 1
[    5.207116] x2apic enabled
[    5.243064] Switched APIC routing to physical x2apic.
[    5.275943] ..TIMER: vector=0x30 apic1=0 pin1=2 apic2=-1 pin2=-1
[    5.430685] smpboot: CPU0: Intel(R) Core(TM) i5-5250U CPU @ 1.60GHz (family: 0x6, model: 0x3d, stepping: 0x4)
[    5.523482] Performance Events: unsupported p6 CPU model 61 no PMU driver, software events only.
[    5.561529] KVM setup paravirtual spinlock
[    5.563997] x86: Booting SMP configuration:
[    5.603101] .... node  #0, CPUs:      #1
[    5.611946] kvm-clock: cpu 1, msr 0:3ffe3041, secondary cpu clock
[    5.693530] mce: CPU supports 0 MCE banks
[    5.814324] x86: Booted up 1 node, 2 CPUs
[    5.854187] smpboot: Total of 2 processors activated (6400.00 BogoMIPS)
[    5.871848] devtmpfs: initialized
[    5.906091] evm: security.selinux
[    5.916091] evm: security.SMACK64
[    5.927184] evm: security.SMACK64EXEC
[    5.935868] evm: security.SMACK64TRANSMUTE
[    5.944702] evm: security.SMACK64MMAP
[    5.958732] evm: security.ima
[    5.966941] evm: security.capability
[    5.984012] clocksource: jiffies: mask: 0xffffffff max_cycles: 0xffffffff, max_idle_ns: 7645041785100000 ns
[    5.991483] futex hash table entries: 512 (order: 3, 32768 bytes)
[    5.995232] pinctrl core: initialized pinctrl subsystem
[    6.001591] RTC time: 15:26:43, date: 09/11/17
[    6.007142] NET: Registered protocol family 16
[    6.039150] cpuidle: using governor ladder
[    6.063458] cpuidle: using governor menu
[    6.067730] PCCT header not found.
[    6.080093] ACPI: bus type PCI registered
[    6.094724] acpiphp: ACPI Hot Plug PCI Controller Driver version: 0.5
[    6.128021] PCI: Using configuration type 1 for base access
[    6.151814] ACPI: Added _OSI(Module Device)
[    6.172811] ACPI: Added _OSI(Processor Device)
[    6.179389] ACPI: Added _OSI(3.0 _SCP Extensions)
[    6.199859] ACPI: Added _OSI(Processor Aggregator Device)
[    6.251619] ACPI: Executed 1 blocks of module-level executable AML code
[    6.315035] ACPI: Interpreter enabled
[    6.351121] ACPI: (supports S0 S5)
[    6.373500] ACPI: Using IOAPIC for interrupt routing
[    6.404508] PCI: Using host bridge windows from ACPI; if necessary, use "pci=nocrs" and report a bug
[    6.488369] ACPI: PCI Root Bridge [PCI0] (domain 0000 [bus 00-ff])
[    6.536125] acpi PNP0A03:00: _OSC: OS supports [ASPM ClockPM Segments MSI]
[    6.591339] acpi PNP0A03:00: _OSC failed (AE_NOT_FOUND); disabling ASPM
[    6.625588] acpi PNP0A03:00: fail to add MMCONFIG information, can't access extended PCI configuration space under this bridge.
[    6.720795] PCI host bridge to bus 0000:00
[    6.739561] pci_bus 0000:00: root bus resource [io  0x0000-0x0cf7 window]
[    6.803435] pci_bus 0000:00: root bus resource [io  0x0d00-0xffff window]
[    6.868500] pci_bus 0000:00: root bus resource [mem 0x000a0000-0x000bffff window]
[    6.927612] pci_bus 0000:00: root bus resource [mem 0x40000000-0xffdfffff window]
[    6.976518] pci_bus 0000:00: root bus resource [bus 00-ff]
[    7.024069] pci 0000:00:01.1: legacy IDE quirk: reg 0x10: [io  0x01f0-0x01f7]
[    7.087310] pci 0000:00:01.1: legacy IDE quirk: reg 0x14: [io  0x03f6]
[    7.112198] pci 0000:00:01.1: legacy IDE quirk: reg 0x18: [io  0x0170-0x0177]
[    7.171771] pci 0000:00:01.1: legacy IDE quirk: reg 0x1c: [io  0x0376]
[    7.268811] pci 0000:00:07.0: quirk: [io  0x4000-0x403f] claimed by PIIX4 ACPI
[    7.328860] pci 0000:00:07.0: quirk: [io  0x4100-0x410f] claimed by PIIX4 SMB
[    7.409813] ACPI: PCI Interrupt Link [LNKA] (IRQs 5 9 10 *11)
[    7.459150] ACPI: PCI Interrupt Link [LNKB] (IRQs 5 9 10 *11)
[    7.490433] ACPI: PCI Interrupt Link [LNKC] (IRQs 5 9 *10 11)
[    7.535133] ACPI: PCI Interrupt Link [LNKD] (IRQs 5 *9 10 11)
[    7.557237] ACPI: Enabled 2 GPEs in block 00 to 07
[    7.596119] vgaarb: setting as boot device: PCI:0000:00:02.0
[    7.628485] vgaarb: device added: PCI:0000:00:02.0,decodes=io+mem,owns=io+mem,locks=none
[    7.653483] vgaarb: loaded
[    7.673842] vgaarb: bridge control possible 0000:00:02.0
[    7.720659] SCSI subsystem initialized
[    7.755446] ACPI: bus type USB registered
[    7.783306] usbcore: registered new interface driver usbfs
[    7.843447] usbcore: registered new interface driver hub
[    7.866072] usbcore: registered new device driver usb
[    7.883574] PCI: Using ACPI for IRQ routing
[    7.923744] NetLabel: Initializing
[    7.956687] NetLabel:  domain hash size = 128
[    7.994069] NetLabel:  protocols = UNLABELED CIPSOv4
[    8.032848] NetLabel:  unlabeled traffic allowed by default
[    8.085069] amd_nb: Cannot enumerate AMD northbridges
[    8.123404] clocksource: Switched to clocksource kvm-clock
[    8.171518] AppArmor: AppArmor Filesystem Enabled
[    8.245686] pnp: PnP ACPI init
[    8.284323] pnp: PnP ACPI: found 3 devices
[    8.358088] clocksource: acpi_pm: mask: 0xffffff max_cycles: 0xffffff, max_idle_ns: 2085701024 ns
[    8.446144] NET: Registered protocol family 2
[    8.451776] TCP established hash table entries: 8192 (order: 4, 65536 bytes)
[    8.461902] TCP bind hash table entries: 8192 (order: 5, 131072 bytes)
[    8.488649] TCP: Hash tables configured (established 8192 bind 8192)
[    8.622284] UDP hash table entries: 512 (order: 2, 16384 bytes)
[    8.732886] UDP-Lite hash table entries: 512 (order: 2, 16384 bytes)
[    8.856037] NET: Registered protocol family 1
[    8.934294] pci 0000:00:00.0: Limiting direct PCI/PCI transfers
[    9.000593] pci 0000:00:01.0: Activating ISA DMA hang workarounds
[    9.104001] Unpacking initramfs...
[   11.321265] Freeing initrd memory: 10840K (ffff880036ac4000 - ffff88003755a000)
[   11.400280] RAPL PMU detected, API unit is 2^-32 Joules, 4 fixed counters 10737418240 ms ovfl timer
[   11.473130] hw unit of domain pp0-core 2^-0 Joules
[   11.490673] hw unit of domain package 2^-0 Joules
[   11.504477] hw unit of domain dram 2^-0 Joules
[   11.516834] hw unit of domain pp1-gpu 2^-0 Joules
[   11.546987] platform rtc_cmos: registered platform RTC device (no PNP device found)
[   11.596090] Scanning for low memory corruption every 60 seconds
[   11.624044] audit: initializing netlink subsys (disabled)
[   11.678494] audit: type=2000 audit(1505143606.538:1): initialized
[   11.702222] Initialise system trusted keyring
[   11.729030] HugeTLB registered 2 MB page size, pre-allocated 0 pages
[   11.805656] zbud: loaded
[   11.828913] VFS: Disk quotas dquot_6.6.0
[   11.874755] VFS: Dquot-cache hash table entries: 512 (order 0, 4096 bytes)
[   11.961070] squashfs: version 4.0 (2009/01/31) Phillip Lougher
[   12.066694] fuse init (API version 7.23)
[   12.136067] Key type big_key registered
[   12.189622] Allocating IMA MOK and blacklist keyrings.
[   12.265370] Key type asymmetric registered
[   12.303981] Asymmetric key parser 'x509' registered
[   12.348287] Block layer SCSI generic (bsg) driver version 0.4 loaded (major 249)
[   12.414833] io scheduler noop registered
[   12.453269] io scheduler deadline registered (default)
[   12.517732] io scheduler cfq registered
[   12.543731] tsc: Refined TSC clocksource calibration: 1599.861 MHz
[   12.543734] clocksource: tsc: mask: 0xffffffffffffffff max_cycles: 0x170fa1b3c0d, max_idle_ns: 440795271055 ns
[   12.779332] pci_hotplug: PCI Hot Plug PCI Core version: 0.5
[   12.799642] pciehp: PCI Express Hot Plug Controller Driver version: 0.4
[   12.941509] ACPI: AC Adapter [AC] (on-line)
[   13.015190] input: Power Button as /devices/LNXSYSTM:00/LNXPWRBN:00/input/input0
[   13.068226] ACPI: Power Button [PWRF]
[   13.126879] input: Sleep Button as /devices/LNXSYSTM:00/LNXSLPBN:00/input/input1
[   13.240817] ACPI: Sleep Button [SLPF]
[   13.300018] GHES: HEST is not enabled!
[   13.301377] ACPI: Battery Slot [BAT0] (battery present)
[   13.438594] Serial: 8250/16550 driver, 32 ports, IRQ sharing enabled
[   13.550146] 00:02: ttyS0 at I/O 0x3f8 (irq = 4, base_baud = 115200) is a 16550A
[   13.660579] Linux agpgart interface v0.103
[   13.686020] loop: module loaded
[   13.694684] scsi host0: ata_piix
[   13.714066] scsi host1: ata_piix
[   13.737531] ata1: PATA max UDMA/33 cmd 0x1f0 ctl 0x3f6 bmdma 0xd000 irq 14
[   13.769332] ata2: PATA max UDMA/33 cmd 0x170 ctl 0x376 bmdma 0xd008 irq 15
[   13.812128] libphy: Fixed MDIO Bus: probed
[   13.843838] tun: Universal TUN/TAP device driver, 1.6
[   13.863953] tun: (C) 1999-2004 Max Krasnyansky <maxk@qualcomm.com>
[   13.878421] PPP generic driver version 2.4.2
[   13.896306] ehci_hcd: USB 2.0 'Enhanced' Host Controller (EHCI) Driver
[   13.912616] ehci-pci: EHCI PCI platform driver
[   13.914286] ehci-platform: EHCI generic platform driver
[   13.963420] ohci_hcd: USB 1.1 'Open' Host Controller (OHCI) Driver
[   13.996121] ohci-pci: OHCI PCI platform driver
[   14.047526] ohci-platform: OHCI generic platform driver
[   14.062400] uhci_hcd: USB Universal Host Controller Interface driver
[   14.104910] i8042: PNP: PS/2 Controller [PNP0303:PS2K,PNP0f03:PS2M] at 0x60,0x64 irq 1,12
[   14.150074] serio: i8042 KBD port at 0x60,0x64 irq 1
[   14.161706] serio: i8042 AUX port at 0x60,0x64 irq 12
[   14.178260] mousedev: PS/2 mouse device common for all mice
[   14.235247] rtc_cmos rtc_cmos: rtc core: registered rtc_cmos as rtc0
[   14.250130] input: AT Translated Set 2 keyboard as /devices/platform/i8042/serio0/input/input2
[   14.305124] rtc_cmos rtc_cmos: alarms up to one day, 114 bytes nvram
[   14.373373] i2c /dev entries driver
[   14.432741] device-mapper: uevent: version 1.0.3
[   14.506252] device-mapper: ioctl: 4.34.0-ioctl (2015-10-28) initialised: dm-devel@redhat.com
[   14.603645] ledtrig-cpu: registered to indicate activity on CPUs
[   14.641646] NET: Registered protocol family 10
[   14.658300] NET: Registered protocol family 17
[   14.681961] Key type dns_resolver registered
[   14.743836] microcode: CPU0 sig=0x306d4, pf=0x40, revision=0x0
[   14.779424] microcode: CPU1 sig=0x306d4, pf=0x40, revision=0x0
[   14.797023] microcode: Microcode Update Driver: v2.01 <tigran@aivazian.fsnet.co.uk>, Peter Oruba
[   14.830021] registered taskstats version 1
[   14.848718] Loading compiled-in X.509 certificates
[   14.914672] Loaded X.509 cert 'Build time autogenerated kernel key: a6f98c496ad22cf23b77f8fe21ff88c41791cbd4'
[   14.962823] zswap: loaded using pool lzo/zbud
[   14.980460] Key type trusted registered
[   15.005020] Key type encrypted registered
[   15.027685] AppArmor: AppArmor sha1 policy hashing enabled
[   15.080965] ima: No TPM chip found, activating TPM-bypass!
[   15.101687] evm: HMAC attrs: 0x1
[   15.118891]   Magic number: 1:809:436
[   15.130701] rtc_cmos rtc_cmos: setting system clock to 2017-09-11 15:26:52 UTC (1505143612)
[   15.174632] BIOS EDD facility v0.16 2004-Jun-25, 0 devices found
[   15.193294] EDD information not available.
[   15.225379] Freeing unused kernel memory: 1492K (ffffffff81f45000 - ffffffff820ba000)
[   15.254166] Write protecting the kernel read-only data: 14336k
[   15.297532] Freeing unused kernel memory: 1748K (ffff88000184b000 - ffff880001a00000)
[   15.331468] Freeing unused kernel memory: 112K (ffff880001de4000 - ffff880001e00000)
Loading, please wait...
starting version[   15.411167] random: systemd-udevd: uninitialized urandom read (16 bytes read, 7 bits of entropy available)
 229
[   15.412100] random: udevadm: uninitialized urandom read (16 bytes read, 7 bits of entropy available)
[   15.412138] random: udevadm: uninitialized urandom read (16 bytes read, 7 bits of entropy available)
[   15.412255] random: udevadm: uninitialized urandom read (16 bytes read, 7 bits of entropy available)
[   15.412300] random: udevadm: uninitialized urandom read (16 bytes read, 7 bits of entropy available)
[   15.412340] random: udevadm: uninitialized urandom read (16 bytes read, 7 bits of entropy available)
[   15.412380] random: udevadm: uninitialized urandom read (16 bytes read, 7 bits of entropy available)
[   15.412419] random: udevadm: uninitialized urandom read (16 bytes read, 7 bits of entropy available)
[   15.412457] random: udevadm: uninitialized urandom read (16 bytes read, 7 bits of entropy available)
[   15.412493] random: udevadm: uninitialized urandom read (16 bytes read, 7 bits of entropy available)
[   15.883125] e1000: Intel(R) PRO/1000 Network Driver - version 7.3.21-k8-NAPI
[   15.914038] e1000: Copyright (c) 1999-2006 Intel Corporation.
[   15.920396] Fusion MPT base driver 3.04.20
[   15.924967] Copyright (c) 1999-2008 LSI Corporation
[   15.939427] Fusion MPT SPI Host driver 3.04.20
[   15.995194] AVX version of gcm_enc/dec engaged.
[   16.020337] AES CTR mode by8 optimization enabled
[   16.172305] input: ImExPS/2 Generic Explorer Mouse as /devices/platform/i8042/serio1/input/input4
[   16.365115] e1000 0000:00:03.0 eth0: (PCI:33MHz:32-bit) 02:04:e4:df:e4:d8
[   16.404543] e1000 0000:00:03.0 eth0: Intel(R) PRO/1000 Network Connection
[   16.820584] e1000 0000:00:08.0 eth1: (PCI:33MHz:32-bit) 08:00:27:cc:28:e6
[   16.937735] e1000 0000:00:08.0 eth1: Intel(R) PRO/1000 Network Connection
[   17.001311] mptbase: ioc0: Initiating bringup
[   17.001755] e1000 0000:00:08.0 enp0s8: renamed from eth1
[   17.036578] e1000 0000:00:03.0 enp0s3: renamed from eth0
[   17.135781] ioc0: LSI53C1030 A0: Capabilities={Initiator}
[   17.358171] scsi host2: ioc0: LSI53C1030 A0, FwRev=00000000h, Ports=1, MaxQ=256, IRQ=20
[   17.528533] scsi 2:0:0:0: Direct-Access     VBOX     HARDDISK         1.0  PQ: 0 ANSI: 5
[   17.588561] scsi target2:0:0: Beginning Domain Validation
[   17.642084] scsi target2:0:0: Domain Validation skipping write tests
[   17.701357] scsi target2:0:0: Ending Domain Validation
[   17.744258] scsi target2:0:0: asynchronous
[   17.788776] scsi 2:0:1:0: Direct-Access     VBOX     HARDDISK         1.0  PQ: 0 ANSI: 5
[   17.857867] scsi target2:0:1: Beginning Domain Validation
[   17.914646] scsi target2:0:1: Domain Validation skipping write tests
[   18.030270] scsi target2:0:1: Ending Domain Validation
[   18.121913] scsi target2:0:1: asynchronous
[   18.209590] sd 2:0:0:0: [sda] 20971520 512-byte logical blocks: (10.7 GB/10.0 GiB)
[   18.254222] sd 2:0:0:0: Attached scsi generic sg0 type 0
[   18.309896] sd 2:0:0:0: [sda] Write Protect is off
[   18.351028] sd 2:0:0:0: [sda] Incomplete mode parameter data
[   18.401461] sd 2:0:0:0: [sda] Assuming drive cache: write through
[   18.412213] sd 2:0:1:0: [sdb] 20480 512-byte logical blocks: (10.5 MB/10.0 MiB)
[   18.412266] sd 2:0:1:0: Attached scsi generic sg1 type 0
[   18.501380]  sda: sda1
[   18.502862] sd 2:0:0:0: [sda] Attached SCSI disk
[   18.606567] sd 2:0:1:0: [sdb] Write Protect is off
[   18.644103] sd 2:0:1:0: [sdb] Incomplete mode parameter data
[   18.735055] sd 2:0:1:0: [sdb] Assuming drive cache: write through
[   18.810722] sd 2:0:1:0: [sdb] Attached SCSI disk
[   18.919797] floppy0: no floppy controllers found
Begin: Loading e[   20.351634] md: linear personality registered for level -1
ssential drivers[   20.419812] md: multipath personality registered for level -4
 ... [   20.495106] md: raid0 personality registered for level 0
[   20.542331] md: raid1 personality registered for level 1
[   20.663437] raid6: sse2x1   gen()  7782 MB/s
[   20.775475] raid6: sse2x1   xor()  3795 MB/s
[   20.903591] raid6: sse2x2   gen()  5870 MB/s
[   21.007777] raid6: sse2x2   xor()  5854 MB/s
[   21.119513] raid6: sse2x4   gen() 10344 MB/s
[   21.223938] raid6: sse2x4   xor()  7790 MB/s
[   21.272053] raid6: using algorithm sse2x4 gen() 10344 MB/s
[   21.306632] raid6: .... xor() 7790 MB/s, rmw enabled
[   21.354626] raid6: using ssse3x2 recovery algorithm
[   21.379785] xor: automatically using best checksumming function:
[   21.495911]    avx       : 44365.000 MB/sec
[   21.526445] async_tx: api initialized (async)
[   21.572252] md: raid6 personality registered for level 6
[   21.599696] md: raid5 personality registered for level 5
[   21.655330] md: raid4 personality registered for level 4
[   21.669094] md: raid10 personality registered for level 10
done.
Begin: Running /scripts/init-premount ... done.
Begin: Mounting root file sys[   21.747289] Btrfs loaded
tem ... Begin: Running /scripts/local-top ... done.
Begin: Running /scripts/loc[   21.992951] EXT4-fs (sda1): mounted filesystem with ordered data mode. Opts: (null)
al-premount ... Scanning for Btrfs filesystems
done.
Warning: fsck not present, so skipping root file system
done.
Begin: Running /scripts/local-bottom ... done.
Begin: Running /scripts/init-bottom ... done.
[   22.357872] systemd[1]: systemd 229 running in system mode. (+PAM +AUDIT +SELINUX +IMA +APPARMOR +SMACK +SYSVINIT +UTMP +LIBCRYPTSETUP +GCRYPT +GNUTLS +ACL +XZ -LZ4 +SECCOMP +BLKID +ELFUTILS +KMOD -IDN)
[   22.392538] systemd[1]: Detected virtualization oracle.
[   22.399570] systemd[1]: Detected architecture x86-64.

Welcome to [1mUbuntu 16.04.3 LTS[0m!

[   22.420086] systemd[1]: Set hostname to <ubuntu>.
[   22.430190] systemd[1]: Initializing machine ID from random generator.
[   22.455181] systemd[1]: Installed transient /etc/machine-id file.
[   23.015126] systemd[1]: Listening on udev Control Socket.
[[0;32m  OK  [0m] Listening on udev Control Socket.
[   23.044969] systemd[1]: Reached target User and Group Name Lookups.
[[0;32m  OK  [0m] Reached target User and Group Name Lookups.
[   23.078139] systemd[1]: Created slice User and Session Slice.
[[0;32m  OK  [0m] Created slice User and Session Slice.
[   23.132566] systemd[1]: Created slice System Slice.
[[0;32m  OK  [0m] Created slice System Slice.
[   23.153858] systemd[1]: Created slice system-serial\x2dgetty.slice.
[[0;32m  OK  [0m] Created slice system-serial\x2dgetty.slice.
[   23.198296] systemd[1]: Listening on LVM2 poll daemon socket.
[[0;32m  OK  [0m] Listening on LVM2 poll daemon socket.
[   23.216129] systemd[1]: Reached target Swap.
[   23.226309] random: nonblocking pool is initialized
[[0;32m  OK  [0m] Reached target Swap.
[   23.368004] systemd[1]: Reached target Slices.
[[0;32m  OK  [0m] Reached target Slices.
[   23.424601] systemd[1]: Listening on Syslog Socket.
[[0;32m  OK  [0m] Listening on Syslog Socket.
[   23.451523] systemd[1]: Listening on LVM2 metadata daemon socket.
[[0;32m  OK  [0m] Listening on LVM2 metadata daemon socket.
[   23.484219] systemd[1]: Listening on Journal Audit Socket.
[[0;32m  OK  [0m] Listening on Journal Audit Socket.
[   23.524988] systemd[1]: Listening on udev Kernel Socket.
[[0;32m  OK  [0m] Listening on udev Kernel Socket.
[   23.557515] systemd[1]: Started Forward Password Requests to Wall Directory Watch.
[[0;32m  OK  [0m] Started Forward Password Requests to Wall Directory Watch.
[   23.600185] systemd[1]: Reached target Encrypted Volumes.
[[0;32m  OK  [0m] Reached target Encrypted Volumes.
[   23.643969] systemd[1]: Listening on Journal Socket (/dev/log).
[[0;32m  OK  [0m] Listening on Journal Socket (/dev/log).
[   23.676360] systemd[1]: Listening on Device-mapper event daemon FIFOs.
[[0;32m  OK  [0m] Listening on Device-mapper event daemon FIFOs.
[   23.740043] systemd[1]: Listening on Journal Socket.
[[0;32m  OK  [0m] Listening on Journal Socket.
[   23.824067] systemd[1]: Starting Create list of required static device nodes for the current kernel...
         Starting Create list of required st... nodes for the current kernel...
[   23.947863] systemd[1]: Starting Set console keymap...
         Starting Set console keymap...
[   24.003828] systemd[1]: Mounting POSIX Message Queue File System...
         Mounting POSIX Message Queue File System...
[   24.063706] systemd[1]: Mounting Huge Pages File System...
         Mounting Huge Pages File System...
[   24.255877] systemd[1]: Starting Monitoring of LVM2 mirrors, snapshots etc. using dmeventd or progress polling...
         Starting Monitoring of LVM2 mirrors... dmeventd or progress polling...
[   24.535790] systemd[1]: Starting Remount Root and Kernel File Systems...
         Starting Remount[   24.553998] EXT4-fs (sda1): re-mounted. Opts: (null)
 Root and Kernel File Systems...
[   24.571589] systemd[1]: Starting Journal Service...
         Starting Journal Service...
[   24.604800] systemd[1]: Mounting Debug File System...
         Mounting Debug File System...
[   24.652152] systemd[1]: Starting Uncomplicated firewall...
         Starting Uncomplicated firewall...
[   24.672081] systemd[1]: Starting Nameserver information manager...
         Starting Nameserver information manager...
[   24.748422] systemd[1]: Set up automount Arbitrary Executable File Formats File System Automount Point.
[[0;32m  OK  [0m] Set up automount Arbitrary Executab...ats File System Automount Point.
[   24.876929] systemd[1]: Listening on /dev/initctl Compatibility Named Pipe.
[[0;32m  OK  [0m] Listening on /dev/initctl Compatibility Named Pipe.
[   24.912591] systemd[1]: Starting Load Kernel Modules...
         Starting Load Kernel Modules...
[   24.944777] systemd[1]: Started Trigger resolvconf update for networkd DNS.
[[0;32m  OK  [0m] Started Trigger resolvconf update for networkd DNS.
[   24.962864] Loading iSCSI transport class v2.0-870.
[   25.048943] iscsi: registered transport (tcp)
[   25.048948] systemd[1]: Mounted Huge Pages File System.
[[0;32m  OK  [0m] Mounted Huge Pages File System.
[   25.327864] systemd[1]: Mounted POSIX Message Queue File System.
[[0;32m  OK  [0m] Mounted POSI[   25.485469] iscsi: registered transport (iser)
X Message Queue File System.
[   25.575822] systemd[1]: Mounted Debug File System.
[[0;32m  OK  [0m] Mounted Debug File System.
[   25.636025] systemd[1]: Started Journal Service.
[[0;32m  OK  [0m] Started Journal Service.
[[0;32m  OK  [0m] Started Create list of required sta...ce nodes for the current kernel.
[[0;32m  OK  [0m] Started Set console keymap.
[[0;32m  OK  [0m] Started Remount Root and Kernel File Systems.
[[0;32m  OK  [0m] Started Uncomplicated firewall.
[[0;32m  OK  [0m] Started Load Kernel Modules.
[[0;32m  OK  [0m] Started Nameserver information manager.
[[0;32m  OK  [0m] Started LVM2 metadata daemon.
         Starting Apply Kernel Variables...
         Mounting FUSE Control File System...
         Starting Initial cloud-init job (pre-networking)...
         Starting Load/Save Random Seed...
         Starting udev Coldplug all Devices...
         Starting Create Static Device Nodes in /dev...
         Starting Flush Journal to Persistent Storage...
[[0;32m  OK  [0m] Mounted FUSE Control File System.
[[0;32m  OK  [0m] Started Apply Kernel Variables.
[[0;32m  OK  [0m] Started Monitoring of LVM2 mirrors,...ng dmeventd or progress polling.
[[0;32m  OK  [0m] Started Load/Save Random Seed.
[[0;32m  OK  [0m] Started Create Static Device Nodes in /dev.
[[0;32m  OK  [0m] Started udev Coldplug all Devices.
[[0;32m  OK  [0m] Started Flush Journal to Persistent Storage.
         Starting udev Kernel Device Manager...
[[0;32m  OK  [0m] Started udev Kernel Device Manager.
[[0;32m  OK  [0m] Reached target Local File Systems (Pre).
[[0;32m  OK  [0m] Reached target Local File Systems.
         Starting Commit a transient machine-id on disk...
         Starting Tell Plymouth To Write Out Runtime Data...
         Starting Create Volatile Files and Directories...
         Starting Set console font and keymap...
         Starting LSB: AppArmor initialization...
[[0;32m  OK  [0m] Started Dispatch Password Requests to Console Directory Watch.
[[0;32m  OK  [0m] Started Commit a transient machine-id on disk.
[   20.379403] cloud-init[445]: Cloud-init v. 0.7.9 running 'init-local' at Mon, 11 Sep 2017 15:27:04 +0000. Up 19.69 seconds.
[[0;32m  OK  [0m] Started Tell Plymouth To Write Out Runtime Data.
[[0;32m  OK  [0m] Started Create Volatile Files and Directories.
[[0;32m  OK  [0m] Started Initial cloud-init job (pre-networking).
[[0;32m  OK  [0m] Found device /dev/ttyS0.
[[0;32m  OK  [0m] Listening on Load/Save RF Kill Switch Status /dev/rfkill Watch.
[[0;32m  OK  [0m] Reached target Network (Pre).
[[0;32m  OK  [0m] Reached target System Time Synchronized.
         Starting Update UTMP about System Boot/Shutdown...
[[0;32m  OK  [0m] Started Set console font and keymap.
[[0;32m  OK  [0m] Created slice system-getty.slice.
[[0;32m  OK  [0m] Started Update UTMP about System Boot/Shutdown.
[[0;32m  OK  [0m] Started LSB: AppArmor initialization.
         Starting Raise network interfaces...
[[0;32m  OK  [0m] Started Raise network interfaces.
[[0;32m  OK  [0m] Reached target Network.
         Starting Initial cloud-init job (metadata service crawler)...
[   23.994717] cloud-init[938]: Cloud-init v. 0.7.9 running 'init' at Mon, 11 Sep 2017 15:27:08 +0000. Up 23.32 seconds.
[   24.044555] cloud-init[938]: ci-info: +++++++++++++++++++++++++++++++++++++Net device info++++++++++++++++++++++++++++++++++++++
[[0;32m  OK  [0m] Started Initial cloud-init job (metadata service crawler).
[[   24.111582] cloud-init[938]: ci-info: +--------+-------+---------------------------+---------------+-------+-------------------+
[   24.163598] cloud-init[938]: ci-info: | Device |   Up  |          Address          |      Mask     | Scope |     Hw-Address    |
[0;32m  OK  [0m] Reached target System Initialization.
[   24.163858] cloud-init[938]: ci-info: +--------+-------+---------------------------+---------------+-------+-------------------+
[   24.384952] cloud-init[938]: ci-info: |   lo   |  True |         127.0.0.1         |   255.0.0.0   |   .   |         .         |
[   24.385641] cloud-init[938]: ci-info: |   lo   |  True |          ::1/128          |       .       |  host |         .         |
[[0;32m  OK  [0m] Started ACPI Events Check.
[[   24.386014] cloud-init[938]: ci-info: | enp0s8 | False |             .             |       .       |   .   | 08:00:27:cc:28:e6 |
[   24.541655] cloud-init[938]: ci-info: | enp0s3 |  True |         10.0.2.15         | 255.255.255.0 |   .   | 02:04:e4:df:e4:d8 |
[0;32m  OK  [0m] Reached target Paths.
[   24.542002] cloud-init[938]: ci-info: | enp0s3 |  True | fe80::4:e4ff:fedf:e4d8/64 |       .       |  link | 02:04:e4:df:e4:d8 |
[   24.663336] cloud-init[938]: ci-info: +--------+-------+---------------------------+---------------+-------+-------------------+
[[0;32m  OK  [0m] Listening on ACPID Listen Socket.
[[   24.663732] cloud-init[938]: ci-info: +++++++++++++++++++++++++++Route IPv4 info++++++++++++++++++++++++++++
[   24.798197] cloud-init[938]: ci-info: +-------+-------------+----------+---------------+-----------+-------+
[0;32m  OK  [0m] Started Timer to automatically refresh installed snaps.
[[   24.798378] cloud-init[938]: ci-info: | Route | Destination | Gateway  |    Genmask    | Interface | Flags |
[   24.941342] cloud-init[938]: ci-info: +-------+-------------+----------+---------------+-----------+-------+
[0;32m  OK  [0m] Listening on UUID daemon activation socket.
[   24.941623] cloud-init[938]: ci-info: |   0   |   0.0.0.0   | 10.0.2.2 |    0.0.0.0    |   enp0s3  |   UG  |
         Starting Socket activation for snappy daemon.
[[   25.057901] cloud-init[938]: ci-info: |   1   |   10.0.2.0  | 0.0.0.0  | 255.255.255.0 |   enp0s3  |   U   |
[   25.149557] cloud-init[938]: ci-info: +-------+-------------+----------+---------------+-----------+-------+
[   25.150028] cloud-init[938]: Generating public/private rsa key pair.
[   25.150311] cloud-init[938]: Your identification has been saved in /etc/ssh/ssh_host_rsa_key.
[0;32m  OK  [0m] Listening on D-Bus System Message Bus Socket.
[[   25.150727] cloud-init[938]: Your public key has been saved in /etc/ssh/ssh_host_rsa_key.pub.
[   25.345415] cloud-init[938]: The key fingerprint is:
[0;32m  OK  [0m] Started Daily Cleanup of Temporary Directories.
         Starting LXD - unix socket.
[[0;32m  OK  [0m] Reached target Network is Online.
[   25.345722] cloud-init[938]: SHA256:xsJoH/dHPTltdBwZ3zyzuNVHYZcdtp5FOsNUqqX6HyM root@ubuntu-xenial
[   25.568930] cloud-init[938]: The key's randomart image is:
[   25.580472] cloud-init[938]: +---[RSA 2048]----+
[   25.580996] cloud-init[938]: |              .OX|
         Starting iSCSI initiator daemon (iscsid)...
[[   25.581274] cloud-init[938]: |             ooOO|
[   25.661212] cloud-init[938]: |              B+X|
[0;32m  OK  [0m] Started Daily apt download activities.
[[   25.661525] cloud-init[938]: |     o .     =oBO|
[   25.727712] cloud-init[938]: |    o + S   +.===|
[0;32m  OK  [0m] Started Daily apt upgrade and clean activities.
[[   25.728053] cloud-init[938]: |   . . = . o  o+.|
[   25.801548] cloud-init[938]: |      .   o E.o  |
[0;32m  OK  [0m] Reached target Timers.
[[   25.801888] cloud-init[938]: |           o . o |
[   25.861505] cloud-init[938]: |            ...  |
[0;32m  OK  [0m] Reached target Cloud-config availability.
[   25.861768] cloud-init[938]: +----[SHA256]-----+
[   25.914720] cloud-init[938]: Generating public/private dsa key pair.
[   25.915212] cloud-init[938]: Your identification has been saved in /etc/ssh/ssh_host_dsa_key.
[[0;32m  OK  [0m] Listening on Socket activation for snappy daemon.
[[   25.915457] cloud-init[938]: Your public key has been saved in /etc/ssh/ssh_host_dsa_key.pub.
[   26.025452] cloud-init[938]: The key fingerprint is:
[0;32m  OK  [0m] Listening on LXD - unix socket.
[   26.025647] cloud-init[938]: SHA256:KyR3Y6fSQbcmw7RogVAbaApy5eqet5Z3s0DdfGyErts root@ubuntu-xenial
[   26.184785] cloud-init[938]: The key's randomart image is:
[   26.185343] cloud-init[938]: +---[DSA 1024]----+
[[0;32m  OK  [0m] Started iSCSI initiator daemon (iscsid).
[   26.185800] cloud-init[938]: |  .++            |
[   26.292616] cloud-init[938]: |o +o +     .     |
[   26.320914] cloud-init[938]: |o+  + . o o .    |
         Starting Login to default iSCSI targets...
[[0;32m  OK  [0m] Reached target Sockets.
[[0;32m  OK  [0m] Reached target Basic System.
[   26.359337] cloud-init[938]: |.  .   B * +     |
[   26.458202] cloud-init[938]: |  . . * S B +    |
[   26.497057] cloud-init[938]: | .   * + @ o     |
[   26.524552] cloud-init[938]: |  .  .+ =        |
         Starting Login Service...
[[0;32m  OK  [0m] Started Unattended Upgrades Shutdown.
[   26.559783] cloud-init[938]: | . .+ .+oo       |
[   26.621016]          cloud-initStarting Pollinate to seed the pseudo random number generator...[938]: 
|  oo.o .ooE      |
[   26.677686]          cloud-initStarting LXD - container startup/shutdown...[938]: 
+----[SHA256]-----+
         Starting LSB: Record successful boot for GRUB...
[   26.742887] cloud-init[938]: Generating public/private ecdsa key pair.
[   26.812185] [cloud-init[0;32m  OK  [0m[938]: ] Your identification has been saved in /etc/ssh/ssh_host_ecdsa_key.Started ACPI event daemon.

[   26.812960] cloud-init[938]: Your public key has been saved in /etc/ssh/ssh_host_ecdsa_key.pub.
[   26.911690]          cloud-initStarting LSB: MD monitoring daemon...[938]: 
The key fingerprint is:
[   26.992441]          cloud-initStarting Accounts Service...[938]: 
SHA256:Vqh5hjK8ypFtx7KSeu8813Gra+50kUlzNm5BrMyp4f8 root@ubuntu-xenial
[   27.052300]          cloud-initStarting System Logging Service...[938]: 
The key's randomart image is:
[   27.052984] cloud-init[938]: +---[ECDSA 256]---+
[[0;32m  OK  [0m] Started Regular background program processing daemon.
[   27.217715] cloud-init[938]: |           ..    |
[   27.280266] [cloud-init[0;32m  OK  [0m[938]: ] |         . ..    |Started FUSE filesystem for LXC.

[   27.280915] cloud-init[938]: |        .o+o=    |
[   27.348896] cloud-init[938]: |   .   +.o=B o   |
         Starting Apply the settings specified in cloud-config...
[   27.389927] cloud-init[938]: |    + +.So+ o    |
[   27.480541] cloud-init[938]: |   o = ++ .o     |
[[0;32m  OK  [0m] Started Deferred execution scheduler.
[   27.537620] cloud-init[938]: |  o.= o..+..     |
[   27.620535] cloud-init[938]: | .+=.+..o.o      |
[   27.621086] cloud-init[938]: |.oo+=o +=o .E    |
[[0;32m  OK  [0m] Started D-Bus System Message Bus.
[   27.621293] cloud-init[938]: +----[SHA256]-----+
[   27.744551] cloud-init[938]: Generating public/private ed25519 key pair.
[   27.745221] cloud-init[938]: Your identification has been saved in /etc/ssh/ssh_host_ed25519_key.
         Starting /etc/rc.local Compatibility...
[   27.745431] cloud-init[938]: Your public key has been saved in /etc/ssh/ssh_host_ed25519_key.pub.
[[   28.088307] cloud-init[938]: The key fingerprint is:
[0;32m  OK  [0m] Started Snappy daemon.
[   28.089485] cloud-init[938]: SHA256:OUT6Hg0NrMuqclaWA/4dJJv73P7j9HrfSlD0mjucils root@ubuntu-xenial
         Starting Auto import assertions from block devices...
[   28.205816] cloud-init[[0;32m  OK  [0m] Started System Logging Service.
[938]: The key's randomart image is:
[   28.257631] [[0;32m  OK  [0m] Started Pollinate to seed the pseudo random number generator.
[[0;32m  OK  [0m] Started LXD - container startup/shutdown.
cloud-init[938]: +--[ED25519 256]--+
[[0;32m  OK  [0m] Started /etc/rc.local Compatibility.
[[0;32m  OK  [0m] Started Auto import assertions from block devices.
[   28.304350] cloud-init[938]: |       .o     .  |
[   28.383119] cloud-init[938]: |       o.o   . . |
[   28.409066] cloud-init[938]: |      ..o .   . .|
[   28.424794] cloud-init[938]: |  . . oo +   . o |
[   28.441223] cloud-init[938]: [[0;32m  OK  [0m] Started Login to default iSCSI targets.
| . . B .S . . o  |
[   28.464863] [cloud-init[0;32m  OK  [0m[938]: ] |  . B +. o   o o |Started LSB: Record successful boot for GRUB.

[   28.465929] cloud-init[938]: |   + = .. . E *  |
[   28.523923] [cloud-init[0;32m  OK  [0m[938]: ] |. o +... ..+.o o |Started LSB: MD monitoring daemon.

[   28.527241] cloud-init[938]: | +.. .o.oo*=o.o..|
[   28.573486] cloud-init[938]: +----[SHA256]-----+
[[0;32m  OK  [0m] Started Login Service.
[   28.639660] cloud-init[1129]: Generating locales (this might take a while)...
         Starting Authenticate and Authorize Users to Run Privileged Tasks...
[[0;32m  OK  [0m] Reached target Remote File Systems (Pre).
[[0;32m  OK  [0m] Reached target Remote File Systems.
         Starting LSB: daemon to balance interrupts for SMP systems...
         Starting Permit User Sessions...
         Starting LSB: automatic crash report generation...
         Starting LSB: Set the CPU Frequency Scaling governor to "ondemand"...
         Starting LSB: VirtualBox Linux Additions...
         Starting OpenBSD Secure Shell server...
[[0;32m  OK  [0m] Started Permit User Sessions.
[[0;32m  OK  [0m] Started Authenticate and Authorize Users to Run Privileged Tasks.
[[0;32m  OK  [0m] Started OpenBSD Secure Shell server.
[[0;32m  OK  [0m] Started Accounts Service.
         Starting Hold until boot process finishes up...
         Starting Terminate Plymouth Boot Screen...
[[0;32m  OK  [0m] Started LSB: daemon to balance interrupts for SMP systems.
[[0;32m  OK  [0m] Started LSB: automatic crash report generation.
[[0;32m  OK  [0m] Started LSB: Set the CPU Frequency Scaling governor to "ondemand".
[[0;32m  OK  [0m] Started LSB: VirtualBox Linux Additions.
[[0;32m  OK  [0m] Started Hold until boot process finishes up.
[[0;32m  OK  [0m] Started Terminate Plymouth Boot Screen.
[[0;32m  OK  [0m] Started Getty on tty1.
[[0;32m  OK  [0m] Started Serial Getty on ttyS0.
[[0;32m  OK  [0m] Reached target Login Prompts.
         Starting Set console scheme...
[[0;32m  OK  [0m] Reached target Multi-User System.
[[0;32m  OK  [0m] Reached target Graphical Interface.
         Starting Update UTMP about System Runlevel Changes...
[[0;32m  OK  [0m] Started Set console scheme.
[[0;32m  OK  [0m] Started Update UTMP about System Runlevel Changes.
[   29.888171] cloud-init[1129]:   en_US.UTF-8... done
[   29.953169] cloud-init[1129]: Generation complete.
         Stopping OpenBSD Secure Shell server...
[[0;32m  OK  [0m] Stopped OpenBSD Secure Shell server.
         Starting OpenBSD Secure Shell server...
[[0;32m  OK  [0m] Started OpenBSD Secure Shell server.
[[0;32m  OK  [0m] Created slice User Slice of ubuntu.
         Starting User Manager for UID 1000...
[[0;32m  OK  [0m] Started User Manager for UID 1000.
[[0;32m  OK  [0m] Started Session 1 of user ubuntu.
[   30.724259] cloud-init[1129]: Cloud-init v. 0.7.9 running 'modules:config' at Mon, 11 Sep 2017 15:27:12 +0000. Up 27.86 seconds.
[[0;32m  OK  [0m] Started Apply the settings specified in cloud-config.
         Starting Execute cloud user/final scripts...
ci-info: no authorized ssh keys fingerprints found for user ubuntu.
<14>Sep 11 15:27:16 ec2: 
<14>Sep 11 15:27:16 ec2: #############################################################
<14>Sep 11 15:27:16 ec2: -----BEGIN SSH HOST KEY FINGERPRINTS-----
<14>Sep 11 15:27:16 ec2: 1024 SHA256:KyR3Y6fSQbcmw7RogVAbaApy5eqet5Z3s0DdfGyErts root@ubuntu-xenial (DSA)
<14>Sep 11 15:27:16 ec2: 256 SHA256:Vqh5hjK8ypFtx7KSeu8813Gra+50kUlzNm5BrMyp4f8 root@ubuntu-xenial (ECDSA)
<14>Sep 11 15:27:16 ec2: 256 SHA256:OUT6Hg0NrMuqclaWA/4dJJv73P7j9HrfSlD0mjucils root@ubuntu-xenial (ED25519)
<14>Sep 11 15:27:16 ec2: 2048 SHA256:xsJoH/dHPTltdBwZ3zyzuNVHYZcdtp5FOsNUqqX6HyM root@ubuntu-xenial (RSA)
<14>Sep 11 15:27:16 ec2: -----END SSH HOST KEY FINGERPRINTS-----
<14>Sep 11 15:27:16 ec2: #############################################################
-----BEGIN SSH HOST KEY KEYS-----
ecdsa-sha2-nistp256 AAAAE2VjZHNhLXNoYTItbmlzdHAyNTYAAAAIbmlzdHAyNTYAAABBBEA1PbUn2q9Vv8w3Bu9cBIMszGWqD3ZK0zIUmzcBpoZ5EjF3kW6t2EOfd5BMYI6fPYqheQ4cVMt2qQfzTxn7fnM= root@ubuntu-xenial
ssh-ed25519 AAAAC3NzaC1lZDI1NTE5AAAAIFt9Mb/U6FxuLmSFY7OuyI8Vtp7oCIABmudNhxjmhbNt root@ubuntu-xenial
ssh-rsa AAAAB3NzaC1yc2EAAAADAQABAAABAQDOCS8AAwvF2nMIrVfI5jultp4scikkCql9kaDH1FnVKNc2z+L2wOUG0aOdAQjFMqXCq6wVWHNkoeTugjH6eYyJWen6raPEDatikvW4W5WqFBiObefwEcig2nuxjHRAeip8G7MvRaSvCEuhCaphp0Ku9cvZwP5tmNQ0+G1+fmtpv2ceZ5w/dump9ZkBJLi3GhOjjTlQvPR2q9dHYoVxGZO/16HgqrBi+BKvkOtbLpk577K4CI0mAl85e6h5S2Q0MyO+mDrgPSRJyRyJyRtO9ohtvnG0a8RuzoCKtwIgZi0LOYWjX78+dFYOdcXm8FVslwLwj4ak962Dl4PPNGMkPku/ root@ubuntu-xenial
-----END SSH HOST KEY KEYS-----
[   32.426517] cloud-init[1355]: Cloud-init v. 0.7.9 running 'modules:final' at Mon, 11 Sep 2017 15:27:16 +0000. Up 31.58 seconds.
[   32.517291] cloud-init[1355]: ci-info: no authorized ssh keys fingerprints found for user ubuntu.
[[0;32m  OK  [0m] Started Execute cloud user/final scripts.
[   32.518276] cloud-init[1355]: Cloud-init v. 0.7.9 finished at Mon, 11 Sep 2017 15:27:17 +0000. Datasource DataSourceNoCloud [seed=/dev/sdb][dsmode=net].  Up 32.41 seconds
[[0;32m  OK  [0m] Reached target Cloud-init target.

Ubuntu 16.04.3 LTS ubuntu-xenial ttyS0

ubuntu-xenial login: 