[    0.000000] Initializing cgroup subsys cpuset
[    0.000000] Initializing cgroup subsys cpu
[    0.000000] Initializing cgroup subsys cpuacct
[    0.000000] Linux version 4.4.0-93-generic (buildd@lgw01-03) (gcc version 5.4.0 20160609 (Ubuntu 5.4.0-6ubuntu1~16.04.4) ) #116-Ubuntu SMP Fri Aug 11 21:17:51 UTC 2017 (Ubuntu 4.4.0-93.116-generic 4.4.79)
[    0.000000] Command line: BOOT_IMAGE=/boot/vmlinuz-4.4.0-93-generic root=LABEL=cloudimg-rootfs ro console=tty1 console=ttyS0
[    0.000000] KERNEL supported cpus:
[    0.000000]   Intel GenuineIntel
[    0.000000]   AMD AuthenticAMD
[    0.000000]   Centaur CentaurHauls
[    0.000000] x86/fpu: xstate_offset[2]:  576, xstate_sizes[2]:  256
[    0.000000] x86/fpu: Supporting XSAVE feature 0x01: 'x87 floating point registers'
[    0.000000] x86/fpu: Supporting XSAVE feature 0x02: 'SSE registers'
[    0.000000] x86/fpu: Supporting XSAVE feature 0x04: 'AVX registers'
[    0.000000] x86/fpu: Enabled xstate features 0x7, context size is 832 bytes, using 'standard' format.
[    0.000000] x86/fpu: Using 'lazy' FPU context switches.
[    0.000000] e820: BIOS-provided physical RAM map:
[    0.000000] BIOS-e820: [mem 0x0000000000000000-0x000000000009fbff] usable
[    0.000000] BIOS-e820: [mem 0x000000000009fc00-0x000000000009ffff] reserved
[    0.000000] BIOS-e820: [mem 0x00000000000f0000-0x00000000000fffff] reserved
[    0.000000] BIOS-e820: [mem 0x0000000000100000-0x000000003ffeffff] usable
[    0.000000] BIOS-e820: [mem 0x000000003fff0000-0x000000003fffffff] ACPI data
[    0.000000] BIOS-e820: [mem 0x00000000fec00000-0x00000000fec00fff] reserved
[    0.000000] BIOS-e820: [mem 0x00000000fee00000-0x00000000fee00fff] reserved
[    0.000000] BIOS-e820: [mem 0x00000000fffc0000-0x00000000ffffffff] reserved
[    0.000000] NX (Execute Disable) protection: active
[    0.000000] SMBIOS 2.5 present.
[    0.000000] Hypervisor detected: KVM
[    0.000000] e820: last_pfn = 0x3fff0 max_arch_pfn = 0x400000000
[    0.000000] MTRR: Disabled
[    0.000000] x86/PAT: MTRRs disabled, skipping PAT initialization too.
[    0.000000] CPU MTRRs all blank - virtualized system.
[    0.000000] x86/PAT: Configuration [0-7]: WB  WT  UC- UC  WB  WT  UC- UC  
[    0.000000] found SMP MP-table at [mem 0x0009fff0-0x0009ffff] mapped at [ffff88000009fff0]
[    0.000000] Scanning 1 areas for low memory corruption
[    0.000000] RAMDISK: [mem 0x36ac4000-0x37559fff]
[    0.000000] ACPI: Early table checksum verification disabled
[    0.000000] ACPI: RSDP 0x00000000000E0000 000024 (v02 VBOX  )
[    0.000000] ACPI: XSDT 0x000000003FFF0030 00003C (v01 VBOX   VBOXXSDT 00000001 ASL  00000061)
[    0.000000] ACPI: FACP 0x000000003FFF00F0 0000F4 (v04 VBOX   VBOXFACP 00000001 ASL  00000061)
[    0.000000] ACPI: DSDT 0x000000003FFF0470 0021C8 (v02 VBOX   VBOXBIOS 00000002 INTL 20100528)
[    0.000000] ACPI: FACS 0x000000003FFF0200 000040
[    0.000000] ACPI: FACS 0x000000003FFF0200 000040
[    0.000000] ACPI: APIC 0x000000003FFF0240 00005C (v02 VBOX   VBOXAPIC 00000001 ASL  00000061)
[    0.000000] ACPI: SSDT 0x000000003FFF02A0 0001CC (v01 VBOX   VBOXCPUT 00000002 INTL 20100528)
[    0.000000] No NUMA configuration found
[    0.000000] Faking a node at [mem 0x0000000000000000-0x000000003ffeffff]
[    0.000000] NODE_DATA(0) allocated [mem 0x3ffeb000-0x3ffeffff]
[    0.000000] kvm-clock: Using msrs 4b564d01 and 4b564d00
[    0.000000] kvm-clock: cpu 0, msr 0:3ffe3001, primary cpu clock
[    0.000000] kvm-clock: using sched offset of 3246798260 cycles
[    0.000000] clocksource: kvm-clock: mask: 0xffffffffffffffff max_cycles: 0x1cd42e4dffb, max_idle_ns: 881590591483 ns
[    0.000000] Zone ranges:
[    0.000000]   DMA      [mem 0x0000000000001000-0x0000000000ffffff]
[    0.000000]   DMA32    [mem 0x0000000001000000-0x000000003ffeffff]
[    0.000000]   Normal   empty
[    0.000000]   Device   empty
[    0.000000] Movable zone start for each node
[    0.000000] Early memory node ranges
[    0.000000]   node   0: [mem 0x0000000000001000-0x000000000009efff]
[    0.000000]   node   0: [mem 0x0000000000100000-0x000000003ffeffff]
[    0.000000] Initmem setup node 0 [mem 0x0000000000001000-0x000000003ffeffff]
[    0.000000] ACPI: PM-Timer IO Port: 0x4008
[    0.000000] IOAPIC[0]: apic_id 2, version 32, address 0xfec00000, GSI 0-23
[    0.000000] ACPI: INT_SRC_OVR (bus 0 bus_irq 0 global_irq 2 dfl dfl)
[    0.000000] ACPI: INT_SRC_OVR (bus 0 bus_irq 9 global_irq 9 high level)
[    0.000000] Using ACPI (MADT) for SMP configuration information
[    0.000000] smpboot: Allowing 2 CPUs, 0 hotplug CPUs
[    0.000000] PM: Registered nosave memory: [mem 0x00000000-0x00000fff]
[    0.000000] PM: Registered nosave memory: [mem 0x0009f000-0x0009ffff]
[    0.000000] PM: Registered nosave memory: [mem 0x000a0000-0x000effff]
[    0.000000] PM: Registered nosave memory: [mem 0x000f0000-0x000fffff]
[    0.000000] e820: [mem 0x40000000-0xfebfffff] available for PCI devices
[    0.000000] Booting paravirtualized kernel on KVM
[    0.000000] clocksource: refined-jiffies: mask: 0xffffffff max_cycles: 0xffffffff, max_idle_ns: 7645519600211568 ns
[    0.000000] setup_percpu: NR_CPUS:512 nr_cpumask_bits:512 nr_cpu_ids:2 nr_node_ids:1
[    0.000000] PERCPU: Embedded 34 pages/cpu @ffff88003fc00000 s98328 r8192 d32744 u1048576
[    0.000000] PV qspinlock hash table entries: 256 (order: 0, 4096 bytes)
[    0.000000] Built 1 zonelists in Node order, mobility grouping on.  Total pages: 257913
[    0.000000] Policy zone: DMA32
[    0.000000] Kernel command line: BOOT_IMAGE=/boot/vmlinuz-4.4.0-93-generic root=LABEL=cloudimg-rootfs ro console=tty1 console=ttyS0
[    0.000000] PID hash table entries: 4096 (order: 3, 32768 bytes)
[    0.000000] Memory: 1001724K/1048120K available (8479K kernel code, 1294K rwdata, 3984K rodata, 1492K init, 1316K bss, 46396K reserved, 0K cma-reserved)
[    0.000000] SLUB: HWalign=64, Order=0-3, MinObjects=0, CPUs=2, Nodes=1
[    0.000000] Hierarchical RCU implementation.
[    0.000000] 	Build-time adjustment of leaf fanout to 64.
[    0.000000] 	RCU restricting CPUs from NR_CPUS=512 to nr_cpu_ids=2.
[    0.000000] RCU: Adjusting geometry for rcu_fanout_leaf=64, nr_cpu_ids=2
[    0.000000] NR_IRQS:33024 nr_irqs:440 16
[    0.000000] Console: colour VGA+ 80x25
[    0.000000] console [tty1] enabled
[    0.000000] console [ttyS0] enabled
[    0.000000] tsc: Detected 1600.000 MHz processor
[    1.338104] Calibrating delay loop (skipped) preset value.. 3200.00 BogoMIPS (lpj=6400000)
[    1.344874] pid_max: default: 32768 minimum: 301
[    1.362607] ACPI: Core revision 20150930
[    1.409998] ACPI: 2 ACPI AML tables successfully acquired and loaded
[    1.452633] Security Framework initialized
[    1.455778] Yama: becoming mindful.
[    1.463730] AppArmor: AppArmor initialized
[    1.465493] Dentry cache hash table entries: 131072 (order: 8, 1048576 bytes)
[    1.471207] Inode-cache hash table entries: 65536 (order: 7, 524288 bytes)
[    1.509278] Mount-cache hash table entries: 2048 (order: 2, 16384 bytes)
[    1.544383] Mountpoint-cache hash table entries: 2048 (order: 2, 16384 bytes)
[    1.559294] Initializing cgroup subsys io
[    1.565218] Initializing cgroup subsys memory
[    1.575576] Initializing cgroup subsys devices
[    1.580697] Initializing cgroup subsys freezer
[    1.582432] Initializing cgroup subsys net_cls
[    1.584121] Initializing cgroup subsys perf_event
[    1.590537] Initializing cgroup subsys net_prio
[    1.592210] Initializing cgroup subsys hugetlb
[    1.593949] Initializing cgroup subsys pids
[    1.601780] CPU: Physical Processor ID: 0
[    1.631316] CPU: Processor Core ID: 0
[    1.633827] mce: CPU supports 0 MCE banks
[    1.635369] Last level iTLB entries: 4KB 64, 2MB 8, 4MB 8
[    1.657787] Last level dTLB entries: 4KB 64, 2MB 0, 4MB 0, 1GB 4
[    1.667211] Freeing SMP alternatives memory: 32K (ffffffff820ba000 - ffffffff820c2000)
[    1.679831] ftrace: allocating 32136 entries in 126 pages
[    1.737271] smpboot: APIC(0) Converting physical 0 to logical package 0
[    1.758567] smpboot: Max logical packages: 1
[    1.762417] x2apic enabled
[    1.794982] Switched APIC routing to physical x2apic.
[    1.807830] ..TIMER: vector=0x30 apic1=0 pin1=2 apic2=-1 pin2=-1
[    1.949026] smpboot: CPU0: Intel(R) Core(TM) i5-5250U CPU @ 1.60GHz (family: 0x6, model: 0x3d, stepping: 0x4)
[    2.005828] Performance Events: unsupported p6 CPU model 61 no PMU driver, software events only.
[    2.008556] KVM setup paravirtual spinlock
[    2.011043] x86: Booting SMP configuration:
[    2.031067] .... node  #0, CPUs:      #1
[    2.037414] kvm-clock: cpu 1, msr 0:3ffe3041, secondary cpu clock
[    2.039827] mce: CPU supports 0 MCE banks
[    2.042668] x86: Booted up 1 node, 2 CPUs
[    2.072561] smpboot: Total of 2 processors activated (6400.00 BogoMIPS)
[    2.123495] devtmpfs: initialized
[    2.137827] evm: security.selinux
[    2.158185] evm: security.SMACK64
[    2.162080] evm: security.SMACK64EXEC
[    2.166158] evm: security.SMACK64TRANSMUTE
[    2.167140] evm: security.SMACK64MMAP
[    2.185351] evm: security.ima
[    2.207322] evm: security.capability
[    2.215096] clocksource: jiffies: mask: 0xffffffff max_cycles: 0xffffffff, max_idle_ns: 7645041785100000 ns
[    2.223703] futex hash table entries: 512 (order: 3, 32768 bytes)
[    2.244136] pinctrl core: initialized pinctrl subsystem
[    2.265126] RTC time: 14:39:42, date: 09/11/17
[    2.267968] NET: Registered protocol family 16
[    2.313215] cpuidle: using governor ladder
[    2.345779] cpuidle: using governor menu
[    2.354211] PCCT header not found.
[    2.380982] ACPI: bus type PCI registered
[    2.404880] acpiphp: ACPI Hot Plug PCI Controller Driver version: 0.5
[    2.429919] PCI: Using configuration type 1 for base access
[    2.470206] ACPI: Added _OSI(Module Device)
[    2.478412] ACPI: Added _OSI(Processor Device)
[    2.481511] ACPI: Added _OSI(3.0 _SCP Extensions)
[    2.485723] ACPI: Added _OSI(Processor Aggregator Device)
[    2.488149] ACPI: Executed 1 blocks of module-level executable AML code
[    2.493367] ACPI: Interpreter enabled
[    2.497890] ACPI: (supports S0 S5)
[    2.500015] ACPI: Using IOAPIC for interrupt routing
[    2.542345] PCI: Using host bridge windows from ACPI; if necessary, use "pci=nocrs" and report a bug
[    2.588617] ACPI: PCI Root Bridge [PCI0] (domain 0000 [bus 00-ff])
[    2.597030] acpi PNP0A03:00: _OSC: OS supports [ASPM ClockPM Segments MSI]
[    2.599386] acpi PNP0A03:00: _OSC failed (AE_NOT_FOUND); disabling ASPM
[    2.608340] acpi PNP0A03:00: fail to add MMCONFIG information, can't access extended PCI configuration space under this bridge.
[    2.613725] PCI host bridge to bus 0000:00
[    2.641507] pci_bus 0000:00: root bus resource [io  0x0000-0x0cf7 window]
[    2.644361] pci_bus 0000:00: root bus resource [io  0x0d00-0xffff window]
[    2.676742] pci_bus 0000:00: root bus resource [mem 0x000a0000-0x000bffff window]
[    2.682622] pci_bus 0000:00: root bus resource [mem 0x40000000-0xffdfffff window]
[    2.686087] pci_bus 0000:00: root bus resource [bus 00-ff]
[    2.708550] pci 0000:00:01.1: legacy IDE quirk: reg 0x10: [io  0x01f0-0x01f7]
[    2.710452] pci 0000:00:01.1: legacy IDE quirk: reg 0x14: [io  0x03f6]
[    2.717694] pci 0000:00:01.1: legacy IDE quirk: reg 0x18: [io  0x0170-0x0177]
[    2.720090] pci 0000:00:01.1: legacy IDE quirk: reg 0x1c: [io  0x0376]
[    2.755117] pci 0000:00:07.0: quirk: [io  0x4000-0x403f] claimed by PIIX4 ACPI
[    2.764949] pci 0000:00:07.0: quirk: [io  0x4100-0x410f] claimed by PIIX4 SMB
[    2.799090] ACPI: PCI Interrupt Link [LNKA] (IRQs 5 9 10 *11)
[    2.853225] ACPI: PCI Interrupt Link [LNKB] (IRQs 5 9 10 *11)
[    2.893836] ACPI: PCI Interrupt Link [LNKC] (IRQs 5 9 *10 11)
[    2.895944] ACPI: PCI Interrupt Link [LNKD] (IRQs 5 *9 10 11)
[    2.906046] ACPI: Enabled 2 GPEs in block 00 to 07
[    2.913218] vgaarb: setting as boot device: PCI:0000:00:02.0
[    2.914694] vgaarb: device added: PCI:0000:00:02.0,decodes=io+mem,owns=io+mem,locks=none
[    2.934884] vgaarb: loaded
[    2.935784] vgaarb: bridge control possible 0000:00:02.0
[    2.945505] SCSI subsystem initialized
[    2.966013] ACPI: bus type USB registered
[    2.980542] usbcore: registered new interface driver usbfs
[    3.004640] usbcore: registered new interface driver hub
[    3.006646] usbcore: registered new device driver usb
[    3.022576] PCI: Using ACPI for IRQ routing
[    3.032618] NetLabel: Initializing
[    3.039576] NetLabel:  domain hash size = 128
[    3.043155] NetLabel:  protocols = UNLABELED CIPSOv4
[    3.044554] NetLabel:  unlabeled traffic allowed by default
[    3.046177] amd_nb: Cannot enumerate AMD northbridges
[    3.053108] clocksource: Switched to clocksource kvm-clock
[    3.067008] AppArmor: AppArmor Filesystem Enabled
[    3.125587] pnp: PnP ACPI init
[    3.152571] pnp: PnP ACPI: found 3 devices
[    3.221686] clocksource: acpi_pm: mask: 0xffffff max_cycles: 0xffffff, max_idle_ns: 2085701024 ns
[    3.260320] NET: Registered protocol family 2
[    3.261862] TCP established hash table entries: 8192 (order: 4, 65536 bytes)
[    3.263720] TCP bind hash table entries: 8192 (order: 5, 131072 bytes)
[    3.265526] TCP: Hash tables configured (established 8192 bind 8192)
[    3.304742] UDP hash table entries: 512 (order: 2, 16384 bytes)
[    3.350908] UDP-Lite hash table entries: 512 (order: 2, 16384 bytes)
[    3.374172] NET: Registered protocol family 1
[    3.375448] pci 0000:00:00.0: Limiting direct PCI/PCI transfers
[    3.445678] pci 0000:00:01.0: Activating ISA DMA hang workarounds
[    3.449118] Unpacking initramfs...
[    5.778512] Freeing initrd memory: 10840K (ffff880036ac4000 - ffff88003755a000)
[    5.825751] RAPL PMU detected, API unit is 2^-32 Joules, 4 fixed counters 10737418240 ms ovfl timer
[    5.851076] hw unit of domain pp0-core 2^-0 Joules
[    5.866523] hw unit of domain package 2^-0 Joules
[    5.869250] hw unit of domain dram 2^-0 Joules
[    5.874496] hw unit of domain pp1-gpu 2^-0 Joules
[    5.884506] platform rtc_cmos: registered platform RTC device (no PNP device found)
[    5.922628] Scanning for low memory corruption every 60 seconds
[    5.963049] audit: initializing netlink subsys (disabled)
[    5.980318] audit: type=2000 audit(1505140788.444:1): initialized
[    5.982954] Initialise system trusted keyring
[    5.984961] HugeTLB registered 2 MB page size, pre-allocated 0 pages
[    6.004258] zbud: loaded
[    6.006957] VFS: Disk quotas dquot_6.6.0
[    6.008225] VFS: Dquot-cache hash table entries: 512 (order 0, 4096 bytes)
[    6.011816] squashfs: version 4.0 (2009/01/31) Phillip Lougher
[    6.031547] fuse init (API version 7.23)
[    6.042338] Key type big_key registered
[    6.081882] Allocating IMA MOK and blacklist keyrings.
[    6.085118] Key type asymmetric registered
[    6.125618] Asymmetric key parser 'x509' registered
[    6.147988] Block layer SCSI generic (bsg) driver version 0.4 loaded (major 249)
[    6.166638] io scheduler noop registered
[    6.198055] io scheduler deadline registered (default)
[    6.249771] io scheduler cfq registered
[    6.251568] pci_hotplug: PCI Hot Plug PCI Core version: 0.5
[    6.252986] pciehp: PCI Express Hot Plug Controller Driver version: 0.4
[    6.303380] ACPI: AC Adapter [AC] (on-line)
[    6.305947] input: Power Button as /devices/LNXSYSTM:00/LNXPWRBN:00/input/input0
[    6.323230] ACPI: Power Button [PWRF]
[    6.344081] input: Sleep Button as /devices/LNXSYSTM:00/LNXSLPBN:00/input/input1
[    6.355492] ACPI: Sleep Button [SLPF]
[    6.359587] GHES: HEST is not enabled!
[    6.360644] ACPI: Battery Slot [BAT0] (battery present)
[    6.387429] Serial: 8250/16550 driver, 32 ports, IRQ sharing enabled
[    6.470634] 00:02: ttyS0 at I/O 0x3f8 (irq = 4, base_baud = 115200) is a 16550A
[    6.596205] Linux agpgart interface v0.103
[    6.602658] loop: module loaded
[    6.612855] scsi host0: ata_piix
[    6.633395] scsi host1: ata_piix
[    6.635695] ata1: PATA max UDMA/33 cmd 0x1f0 ctl 0x3f6 bmdma 0xd000 irq 14
[    6.642097] ata2: PATA max UDMA/33 cmd 0x170 ctl 0x376 bmdma 0xd008 irq 15
[    6.652684] libphy: Fixed MDIO Bus: probed
[    6.666535] tun: Universal TUN/TAP device driver, 1.6
[    6.667651] tun: (C) 1999-2004 Max Krasnyansky <maxk@qualcomm.com>
[    6.670645] PPP generic driver version 2.4.2
[    6.674708] ehci_hcd: USB 2.0 'Enhanced' Host Controller (EHCI) Driver
[    6.682507] ehci-pci: EHCI PCI platform driver
[    6.691933] ehci-platform: EHCI generic platform driver
[    6.694797] ohci_hcd: USB 1.1 'Open' Host Controller (OHCI) Driver
[    6.696819] ohci-pci: OHCI PCI platform driver
[    6.698217] ohci-platform: OHCI generic platform driver
[    6.702836] uhci_hcd: USB Universal Host Controller Interface driver
[    6.704270] i8042: PNP: PS/2 Controller [PNP0303:PS2K,PNP0f03:PS2M] at 0x60,0x64 irq 1,12
[    6.734922] serio: i8042 KBD port at 0x60,0x64 irq 1
[    6.740757] serio: i8042 AUX port at 0x60,0x64 irq 12
[    6.742262] mousedev: PS/2 mouse device common for all mice
[    6.754210] rtc_cmos rtc_cmos: rtc core: registered rtc_cmos as rtc0
[    6.774169] rtc_cmos rtc_cmos: alarms up to one day, 114 bytes nvram
[    6.804480] i2c /dev entries driver
[    6.806771] input: AT Translated Set 2 keyboard as /devices/platform/i8042/serio0/input/input2
[    6.809288] device-mapper: uevent: version 1.0.3
[    6.833401] device-mapper: ioctl: 4.34.0-ioctl (2015-10-28) initialised: dm-devel@redhat.com
[    6.855157] ledtrig-cpu: registered to indicate activity on CPUs
[    6.858838] NET: Registered protocol family 10
[    6.883447] tsc: Refined TSC clocksource calibration: 1600.665 MHz
[    6.929976] clocksource: tsc: mask: 0xffffffffffffffff max_cycles: 0x1712991c65a, max_idle_ns: 440795239587 ns
[    7.010068] NET: Registered protocol family 17
[    7.011755] Key type dns_resolver registered
[    7.013474] microcode: CPU0 sig=0x306d4, pf=0x40, revision=0x0
[    7.015433] microcode: CPU1 sig=0x306d4, pf=0x40, revision=0x0
[    7.028430] microcode: Microcode Update Driver: v2.01 <tigran@aivazian.fsnet.co.uk>, Peter Oruba
[    7.031888] registered taskstats version 1
[    7.062663] Loading compiled-in X.509 certificates
[    7.078624] Loaded X.509 cert 'Build time autogenerated kernel key: a6f98c496ad22cf23b77f8fe21ff88c41791cbd4'
[    7.117412] zswap: loaded using pool lzo/zbud
[    7.124107] Key type trusted registered
[    7.152103] Key type encrypted registered
[    7.171098] AppArmor: AppArmor sha1 policy hashing enabled
[    7.183971] ima: No TPM chip found, activating TPM-bypass!
[    7.185346] evm: HMAC attrs: 0x1
[    7.186669]   Magic number: 1:462:687
[    7.193937] rtc_cmos rtc_cmos: setting system clock to 2017-09-11 14:39:47 UTC (1505140787)
[    7.198999] BIOS EDD facility v0.16 2004-Jun-25, 0 devices found
[    7.218156] EDD information not available.
[    7.231604] Freeing unused kernel memory: 1492K (ffffffff81f45000 - ffffffff820ba000)
[    7.233726] Write protecting the kernel read-only data: 14336k
[    7.241768] Freeing unused kernel memory: 1748K (ffff88000184b000 - ffff880001a00000)
[    7.275801] Freeing unused kernel memory: 112K (ffff880001de4000 - ffff880001e00000)
Loading, please wait...
starting version[    7.306508] random: systemd-udevd: uninitialized urandom read (16 bytes read, 5 bits of entropy available)
 229
[    7.307462] random: udevadm: uninitialized urandom read (16 bytes read, 5 bits of entropy available)
[    7.307499] random: udevadm: uninitialized urandom read (16 bytes read, 5 bits of entropy available)
[    7.307617] random: udevadm: uninitialized urandom read (16 bytes read, 5 bits of entropy available)
[    7.307660] random: udevadm: uninitialized urandom read (16 bytes read, 5 bits of entropy available)
[    7.307700] random: udevadm: uninitialized urandom read (16 bytes read, 5 bits of entropy available)
[    7.307740] random: udevadm: uninitialized urandom read (16 bytes read, 5 bits of entropy available)
[    7.307781] random: udevadm: uninitialized urandom read (16 bytes read, 5 bits of entropy available)
[    7.307818] random: udevadm: uninitialized urandom read (16 bytes read, 5 bits of entropy available)
[    7.307855] random: udevadm: uninitialized urandom read (16 bytes read, 5 bits of entropy available)
[    7.461087] e1000: Intel(R) PRO/1000 Network Driver - version 7.3.21-k8-NAPI
[    7.465165] e1000: Copyright (c) 1999-2006 Intel Corporation.
[    7.474034] Fusion MPT base driver 3.04.20
[    7.502843] Copyright (c) 1999-2008 LSI Corporation
[    7.530542] Fusion MPT SPI Host driver 3.04.20
[    7.564977] AVX version of gcm_enc/dec engaged.
[    7.569701] AES CTR mode by8 optimization enabled
[    7.762633] input: ImExPS/2 Generic Explorer Mouse as /devices/platform/i8042/serio1/input/input4
[    7.902820] e1000 0000:00:03.0 eth0: (PCI:33MHz:32-bit) 02:04:e4:df:e4:d8
[    7.933677] e1000 0000:00:03.0 eth0: Intel(R) PRO/1000 Network Connection
[    8.004496] mptbase: ioc0: Initiating bringup
[    8.082135] ioc0: LSI53C1030 A0: Capabilities={Initiator}
[    8.303812] scsi host2: ioc0: LSI53C1030 A0, FwRev=00000000h, Ports=1, MaxQ=256, IRQ=20
[    8.470023] scsi 2:0:0:0: Direct-Access     VBOX     HARDDISK         1.0  PQ: 0 ANSI: 5
[    8.568006] scsi target2:0:0: Beginning Domain Validation
[    8.634609] scsi target2:0:0: Domain Validation skipping write tests
[    8.674083] scsi target2:0:0: Ending Domain Validation
[    8.688777] scsi target2:0:0: asynchronous
[    8.725291] scsi 2:0:1:0: Direct-Access     VBOX     HARDDISK         1.0  PQ: 0 ANSI: 5
[    8.729086] scsi target2:0:1: Beginning Domain Validation
[    8.732028] scsi target2:0:1: Domain Validation skipping write tests
[    8.733896] scsi target2:0:1: Ending Domain Validation
[    8.735494] scsi target2:0:1: asynchronous
[    8.754715] sd 2:0:0:0: Attached scsi generic sg0 type 0
[    8.757564] sd 2:0:0:0: [sda] 20971520 512-byte logical blocks: (10.7 GB/10.0 GiB)
[    8.760542] sd 2:0:1:0: [sdb] 20480 512-byte logical blocks: (10.5 MB/10.0 MiB)
[    8.765335] sd 2:0:0:0: [sda] Write Protect is off
[    8.769577] sd 2:0:1:0: Attached scsi generic sg1 type 0
[    8.776298] sd 2:0:0:0: [sda] Incomplete mode parameter data
[    8.779513] sd 2:0:0:0: [sda] Assuming drive cache: write through
[    8.781460] sd 2:0:1:0: [sdb] Write Protect is off
[    8.803591] sd 2:0:1:0: [sdb] Incomplete mode parameter data
[    8.808410] sd 2:0:1:0: [sdb] Assuming drive cache: write through
[    8.843946]  sda: sda1
[    8.861238] sd 2:0:1:0: [sdb] Attached SCSI disk
[    8.874162] sd 2:0:0:0: [sda] Attached SCSI disk
[    9.046767] e1000 0000:00:08.0 eth1: (PCI:33MHz:32-bit) 08:00:27:46:a7:7d
[    9.070925] e1000 0000:00:08.0 eth1: Intel(R) PRO/1000 Network Connection
[    9.083546] e1000 0000:00:08.0 enp0s8: renamed from eth1
[    9.101793] e1000 0000:00:03.0 enp0s3: renamed from eth0
[   10.553809] floppy0: no floppy controllers found
Begin: Loading e[   12.024464] md: linear personality registered for level -1
ssential drivers ... [   12.034562] md: multipath personality registered for level -4
[   12.042845] md: raid0 personality registered for level 0
[   12.061578] md: raid1 personality registered for level 1
[   12.141301] raid6: sse2x1   gen()  7335 MB/s
[   12.217126] raid6: sse2x1   xor()  5570 MB/s
[   12.289476] raid6: sse2x2   gen()  9589 MB/s
[   12.381120] raid6: sse2x2   xor()  5895 MB/s
[   12.457272] raid6: sse2x4   gen() 10421 MB/s
[   12.549243] raid6: sse2x4   xor()  4704 MB/s
[   12.591720] raid6: using algorithm sse2x4 gen() 10421 MB/s
[   12.693951] raid6: .... xor() 4704 MB/s, rmw enabled
[   12.742827] raid6: using ssse3x2 recovery algorithm
[   12.760740] xor: automatically using best checksumming function:
[   12.809630]    avx       : 16362.000 MB/sec
[   12.835460] async_tx: api initialized (async)
[   12.854544] md: raid6 personality registered for level 6
[   12.863570] md: raid5 personality registered for level 5
[   12.865549] md: raid4 personality registered for level 4
[   12.875230] md: raid10 personality registered for level 10
done.
Begin: Running /scripts/init-premount ... done.
Begin: Mounting root file sys[   12.934541] Btrfs loaded
tem ... Begin: Running /scripts/local-top ... done.
Begin: Running /scripts/local-premount ... Scanning for Btrfs filesystems
done.
Warning: fsck not present, so sk[   13.004681] EXT4-fs (sda1): mounted filesystem with ordered data mode. Opts: (null)
ipping root file system
done.
Begin: Running /scripts/local-bottom ... done.
Begin: Running /scripts/init-bottom ... done.
[   13.137758] systemd[1]: systemd 229 running in system mode. (+PAM +AUDIT +SELINUX +IMA +APPARMOR +SMACK +SYSVINIT +UTMP +LIBCRYPTSETUP +GCRYPT +GNUTLS +ACL +XZ -LZ4 +SECCOMP +BLKID +ELFUTILS +KMOD -IDN)
[   13.204100] systemd[1]: Detected virtualization oracle.
[   13.215017] systemd[1]: Detected architecture x86-64.

Welcome to [1mUbuntu 16.04.3 LTS[0m!

[   13.230005] systemd[1]: Set hostname to <ubuntu>.
[   13.238100] systemd[1]: Initializing machine ID from random generator.
[   13.244381] systemd[1]: Installed transient /etc/machine-id file.
[   13.442929] systemd[1]: Listening on Journal Socket.
[[0;32m  OK  [0m] Listening on Journal Socket.
[   13.465649] systemd[1]: Listening on LVM2 metadata daemon socket.
[[0;32m  OK  [0m] Listening on LVM2 metadata daemon socket.
[   13.498032] systemd[1]: Reached target User and Group Name Lookups.
[[0;32m  OK  [0m] Reached target User and Group Name Lookups.
[   13.521713] systemd[1]: Reached target Swap.
[[0;32m  OK  [0m] Reached target Swap.
[   13.549585] systemd[1]: Listening on udev Control Socket.
[[0;32m  OK  [0m] Listening on udev Control Socket.
[   13.570542] systemd[1]: Created slice System Slice.
[[0;32m  OK  [0m] Created slice System Slice.
[   13.645918] systemd[1]: Starting Nameserver information manager...
         Starting Nameserver information manager...
[   13.685831] systemd[1]: Starting Remount Root and Kernel File Systems...
[   13.691394] EXT4-fs (sda1): re-mounted. Opts: (null)
         Starting Remount Root and Kernel File Systems...
[   13.769635] systemd[1]: Mounting POSIX Message Queue File System...
         Mounting POSIX Message Queue File System...
[   13.788290] systemd[1]: Created slice system-serial\x2dgetty.slice.
[[0;32m  OK  [0m] Created slice system-serial\x2dgetty.slice.
[   13.818703] systemd[1]: Listening on /dev/initctl Compatibility Named Pipe.
[[0;32m  OK  [0m] Listening on /dev/initctl Compatibility Named Pipe.
[   13.844849] systemd[1]: Listening on Journal Socket (/dev/log).
[[0;32m  OK  [0m] Listening on Journal Socket (/dev/log).
[   13.889824] systemd[1]: Reached target Encrypted Volumes.
[[0;32m  OK  [0m] Reached target Encrypted Volumes.
[   13.929781] systemd[1]: Started Forward Password Requests to Wall Directory Watch.
[[0;32m  OK  [0m] Started Forward Password Requests to Wall Directory Watch.
[   13.973267] systemd[1]: Mounting Huge Pages File System...
         Mounting Huge Pages File System...
[   14.045863] systemd[1]: Starting Uncomplicated firewall...
         Starting Uncomplicated firewall...
[   14.077589] systemd[1]: Listening on Journal Audit Socket.
[[0;32m  OK  [0m] Listening on Journal Audit Socket.
[   14.113945] systemd[1]: Created slice User and Session Slice.
[[0;32m  OK  [0m] Created slice User and Session Slice.
[   14.130725] systemd[1]: Reached target Slices.
[[0;32m  OK  [0m] Reached target Slices.
[   14.169810] systemd[1]: Started Trigger resolvconf update for networkd DNS.
[[0;32m  OK  [0m] Started Trigger resolvconf update for networkd DNS.
[   14.209964] systemd[1]: Starting Set console keymap...
[   14.210749] random: nonblocking pool is initialized
         Starting Set console keymap...
[   14.233839] systemd[1]: Listening on udev Kernel Socket.
[[0;32m  OK  [0m] Listening on udev Kernel Socket.
[   14.265946] systemd[1]: Set up automount Arbitrary Executable File Formats File System Automount Point.
[[0;32m  OK  [0m] Set up automount Arbitrary Executab...ats File System Automount Point.
[   14.301671] systemd[1]: Starting Create list of required static device nodes for the current kernel...
         Starting Create list of required st... nodes for the current kernel...
[   14.345444] systemd[1]: Listening on Device-mapper event daemon FIFOs.
[[0;32m  OK  [0m] Listening on Device-mapper event daemon FIFOs.
[   14.361691] systemd[1]: Listening on Syslog Socket.
[[0;32m  OK  [0m] Listening on Syslog Socket.
[   14.397518] systemd[1]: Starting Journal Service...
         Starting Journal Service...
[   14.440728] systemd[1]: Starting Load Kernel Modules...
         Starting Load Kernel Mo[   14.460958] Loading iSCSI transport class v2.0-870.
dules...
[   14.516546] iscsi: registered transport (tcp)
[   14.533859] systemd[1]: Listening on LVM2 poll daemon socket.
[[0;32m  OK  [0m] Listening on LVM2 poll daemon socket.
[   14.553780] systemd[1]: Mounting Debug File System...
         Mounting Debug File System...
[   14.568077] iscsi: registered transport (iser)
[   14.603550] systemd[1]: Starting Monitoring of LVM2 mirrors, snapshots etc. using dmeventd or progress polling...
         Starting Monitoring of LVM2 mirrors... dmeventd or progress polling...
[   14.658638] systemd[1]: Mounted Huge Pages File System.
[[0;32m  OK  [0m] Mounted Huge Pages File System.
[   14.685598] systemd[1]: Mounted POSIX Message Queue File System.
[[0;32m  OK  [0m] Mounted POSIX Message Queue File System.
[   14.690562] systemd[1]: Mounted Debug File System.
[[0;32m  OK  [0m] Mounted Debug File System.
[   14.712537] systemd[1]: Started Journal Service.
[[0;32m  OK  [0m] Started Journal Service.
[[0;32m  OK  [0m] Started Remount Root and Kernel File Systems.
[[0;32m  OK  [0m] Started Uncomplicated firewall.
[[0;32m  OK  [0m] Started Set console keymap.
[[0;32m  OK  [0m] Started Create list of required sta...ce nodes for the current kernel.
[[0;32m  OK  [0m] Started Load Kernel Modules.
[[0;32m  OK  [0m] Started Nameserver information manager.
[[0;32m  OK  [0m] Started LVM2 metadata daemon.
         Mounting FUSE Control File System...
         Starting Apply Kernel Variables...
         Starting Create Static Device Nodes in /dev...
         Starting udev Coldplug all Devices...
         Starting Load/Save Random Seed...
         Starting Initial cloud-init job (pre-networking)...
         Starting Flush Journal to Persistent Storage...
[[0;32m  OK  [0m] Mounted FUSE Control File System.
[[0;32m  OK  [0m] Started Apply Kernel Variables.
[[0;32m  OK  [0m] Started Create Static Device Nodes in /dev.
[[0;32m  OK  [0m] Started Load/Save Random Seed.
[[0;32m  OK  [0m] Started udev Coldplug all Devices.
[[0;32m  OK  [0m] Started Flush Journal to Persistent Storage.
         Starting udev Kernel Device Manager...
[[0;32m  OK  [0m] Started udev Kernel Device Manager.
[[0;32m  OK  [0m] Started Dispatch Password Requests to Console Directory Watch.
[[0;32m  OK  [0m] Started Monitoring of LVM2 mirrors,...ng dmeventd or progress polling.
[[0;32m  OK  [0m] Reached target Local File Systems (Pre).
[[0;32m  OK  [0m] Reached target Local File Systems.
         Starting Set console font and keymap...
         Starting Tell Plymouth To Write Out Runtime Data...
         Starting LSB: AppArmor initialization...
         Starting Commit a transient machine-id on disk...
         Starting Create Volatile Files and Directories...
[[0;32m  OK  [0m] Started Tell Plymouth To Write Out Runtime Data.
[[0;32m  OK  [0m] Started Commit a transient machine-id on disk.
[[0;32m  OK  [0m] Started Create Volatile Files and Directories.
[[0;32m  OK  [0m] Found device /dev/ttyS0.
         Starting Update UTMP about System Boot/Shutdown...
[[0;32m  OK  [0m] Reached target System Time Synchronized.
[[0;32m  OK  [0m] Started Update UTMP about System Boot/Shutdown.
[[0;32m  OK  [0m] Listening on Load/Save RF Kill Switch Status /dev/rfkill Watch.
[[0;32m  OK  [0m] Started LSB: AppArmor initialization.
[   15.180000] cloud-init[453]: Cloud-init v. 0.7.9 running 'init-local' at Mon, 11 Sep 2017 14:39:57 +0000. Up 14.56 seconds.
[[0;32m  OK  [0m] Started Set console font and keymap.
[[0;32m  OK  [0m] Started Initial cloud-init job (pre-networking).
[[0;32m  OK  [0m] Reached target Network (Pre).
         Starting Raise network interfaces...
[[0;32m  OK  [0m] Created slice system-getty.slice.
[[0;32m  OK  [0m] Started Raise network interfaces.
         Starting Initial cloud-init job (metadata service crawler)...
[[0;32m  OK  [0m] Reached target Network.
[   18.802065] cloud-init[938]: Cloud-init v. 0.7.9 running 'init' at Mon, 11 Sep 2017 14:39:59 +0000. Up 17.12 seconds.
[   18.856725] cloud-init[938]: ci-info: +++++++++++++++++++++++++++++++++++++Net device info++++++++++++++++++++++++++++++++++++++
[   18.906922] cloud-init[938]: ci-info: +--------+-------+---------------------------+---------------+-------+-------------------+
[   18.960759] cloud-init[938]: ci-info: | Device |   Up  |          Address          |      Mask     | Scope |     Hw-Address    |
[   18.983853] cloud-init[938]: ci-info: +--------+-------+---------------------------+---------------+-------+-------------------+
[   18.984654] cloud-init[938]: ci-info: |   lo   |  True |         127.0.0.1         |   255.0.0.0   |   .   |         .         |
[[0;32m  OK  [0m] Started Initial cloud-init job (metadata service crawler).
[   18.985049] cloud-init[938]: ci-info: |   lo   |  True |          ::1/128          |       .       |  host |         .         |
[   19.080914] cloud-init[938]: ci-info: | enp0s3 |  True |         10.0.2.15         | 255.255.255.0 |   .   | 02:04:e4:df:e4:d8 |
[   19.081479] cloud-init[938]: ci-info: | enp0s3 |  True | fe80::4:e4ff:fedf:e4d8/64 |       .       |  link | 02:04:e4:df:e4:d8 |
[[0;32m  OK  [0m] Reached target Cloud-config availability.
[[   19.081891] cloud-init[938]: ci-info: | enp0s8 | False |             .             |       .       |   .   | 08:00:27:46:a7:7d |
[0;32m  OK  [0m] Reached target Network is Online.
[   19.199917] cloud-init[938]: ci-info: +--------+-------+---------------------------+---------------+-------+-------------------+
[   19.248411] cloud-init[938]: ci-info: +++++++++++++++++++++++++++Route IPv4 info++++++++++++++++++++++++++++
[   19.248943] cloud-init[938]: ci-info: +-------+-------------+----------+---------------+-----------+-------+
         Starting iSCSI initiator daemon (iscsid)...
[[   19.249230] cloud-init[938]: ci-info: | Route | Destination | Gateway  |    Genmask    | Interface | Flags |
[   19.301389] cloud-init[938]: ci-info: +-------+-------------+----------+---------------+-----------+-------+
[0;32m  OK  [0m] Reached target System Initialization.
[   19.301895] cloud-init[938]: ci-info: |   0   |   0.0.0.0   | 10.0.2.2 |    0.0.0.0    |   enp0s3  |   UG  |
[   19.445242] cloud-init[938]: ci-info: |   1   |   10.0.2.0  | 0.0.0.0  | 255.255.255.0 |   enp0s3  |   U   |
         Starting LXD - unix socket.
[[   19.446014] cloud-init[938]: ci-info: +-------+-------------+----------+---------------+-----------+-------+
[   19.485943] cloud-init[938]: Generating public/private rsa key pair.
[   19.486120] cloud-init[938]: Your identification has been saved in /etc/ssh/ssh_host_rsa_key.
[   19.486394] cloud-init[938]: Your public key has been saved in /etc/ssh/ssh_host_rsa_key.pub.
[0;32m  OK  [0m] Listening on D-Bus System Message Bus Socket.
[[   19.486673] cloud-init[938]: The key fingerprint is:
[   19.589342] cloud-init[938]: SHA256:husRi2JcA4pES5GD5xK0epi8NucZhGFj8mIA7YFKdKw root@ubuntu-xenial
[0;32m  OK  [0m] Started Daily apt download activities.
[[   19.589554] cloud-init[938]: The key's randomart image is:
[   19.715433] cloud-init[938]: +---[RSA 2048]----+
[   19.715653] cloud-init[938]: |=O+.             |
[   19.715951] cloud-init[938]: |B+B.             |
[0;32m  OK  [0m] Listening on ACPID Listen Socket.
[[   19.717027] cloud-init[938]: |=&+.             |
[   19.779683] cloud-init[938]: |%E*.   .         |
[   19.779910] cloud-init[938]: |B=o.o o S        |
[0;32m  OK  [0m] Started Timer to automatically refresh installed snaps.
[[   19.780279] cloud-init[938]: |.+o. o =         |
[   19.861038] cloud-init[938]: | ++o. +          |
[0;32m  OK  [0m] Listening on UUID daemon activation socket.
[   19.861271] cloud-init[938]: |..+.o. .         |
[   19.925070] cloud-init[938]: |   o  .          |
[[0;32m  OK  [0m] Started Daily Cleanup of Temporary Directories.
[   19.925297] cloud-init[938]: +----[SHA256]-----+
[   20.056487] cloud-init[938]: Generating public/private dsa key pair.
[   20.057058] cloud-init[938]: Your identification has been saved in /etc/ssh/ssh_host_dsa_key.
         Starting Socket activation for snappy daemon.
[   20.057297] cloud-init[938]: Your public key has been saved in /etc/ssh/ssh_host_dsa_key.pub.
[   20.118070] cloud-init[938]: The key fingerprint is:
[[0;32m  OK  [0m] Started Daily apt upgrade and clean activities.
[[   20.118305] cloud-init[938]: SHA256:izuCUlHDiR3H8gm3sctxuMGQea+4JCIqKkqnE+leMjw root@ubuntu-xenial
[   20.245154] cloud-init[938]: The key's randomart image is:
[0;32m  OK  [0m] Reached target Timers.
[   20.245285] cloud-init[938]: +---[DSA 1024]----+
[[0;32m  OK  [0m[   20.432535] ] cloud-initStarted ACPI Events Check.[938]: 
|   +.*.          |
[[   20.433592] cloud-init[938]: |  . %.=          |
[   20.493334] cloud-init[938]: |   . X B         |
[0;32m  OK  [0m] Reached target Paths.
[   20.493491] cloud-init[938]: |  .   X o        |
[   20.654231] cloud-init[938]: |  .. o BS        |
[   20.655026] cloud-init[938]: |+oo o =. .       |
[[0;32m  OK  [0m] Listening on LXD - unix socket.
[   20.655339] cloud-init[938]: |+E.* .. .        |
[   20.713027] cloud-init[938]: |*oO o ..         |
[[0;32m  OK  [0m] Listening on Socket activation for snappy daemon.
[[   20.713263] cloud-init[938]: |O+.  ...         |
[   20.769376] cloud-init[938]: +----[SHA256]-----+
[   20.769581] cloud-init[938]: Generating public/private ecdsa key pair.
[   20.769818] cloud-init[938]: Your identification has been saved in /etc/ssh/ssh_host_ecdsa_key.
[   20.770059] cloud-init[938]: Your public key has been saved in /etc/ssh/ssh_host_ecdsa_key.pub.
[   20.770314] cloud-init[938]: The key fingerprint is:
[   20.770544] cloud-init[938]: SHA256:QXoorbcbWY4v4Nm9jNkRc50U8KI7zqFsAZwi8IDtW2s root@ubuntu-xenial
[   20.770786] cloud-init[938]: The key's randomart image is:
[0;32m  OK  [0m] Started iSCSI initiator daemon (iscsid).
[   20.771030] cloud-init[938]: +---[ECDSA 256]---+
[   20.808576] cloud-init[938]: |..      . ...    |
[   20.840512] cloud-init[938]: |+ .  . +   . .   |
[   20.840971] cloud-init[938]: |.+ ...+ o . o    |
         Starting Login to default iSCSI targets...
[   20.841184] cloud-init[938]: |. + =o . o + .   |
[   20.890116] cloud-init[938]: | . +.o. S . o    |
[[0;32m  OK  [0m] Reached target Sockets.
[[   20.890321] cloud-init[938]: |  . E..* =       |
[   20.906859] cloud-init[938]: |   o +=o*        |
[   20.907269] cloud-init[938]: |    o.+%.+       |
[   20.907512] cloud-init[938]: |     .*.B.       |
[   20.907743] cloud-init[938]: +----[SHA256]-----+
[   20.907988] cloud-init[938]: Generating public/private ed25519 key pair.
[   20.908479] cloud-init[938]: Your identification has been saved in /etc/ssh/ssh_host_ed25519_key.
[   20.908716] cloud-init[938]: Your public key has been saved in /etc/ssh/ssh_host_ed25519_key.pub.
[   20.908956] cloud-init[938]: The key fingerprint is:
[   20.909207] cloud-init[938]: SHA256:utZiedyZJfcOCDS+ybg4VC/NN6l33i5om/kG8n3zU+8 root@ubuntu-xenial
[0;32m  OK  [0m] Reached target Basic System.
[   20.909548] cloud-init[938]: The key's randomart image is:
[   20.953084] cloud-init[938]: +--[ED25519 256]--+
[   20.953728] cloud-init[938]: |                 |
         Starting Login Service...
[   20.955158] cloud-init[938]: |                 |
[   20.983467] cloud-init[938]: |        o        |
[   20.996683] cloud-init[938]: |      .o .       |
[   20.997120] cloud-init[938]: |     . +S  .     |
[[0;32m  OK  [0m] Started FUSE filesystem for LXC.
[   20.997342] cloud-init[938]: |    . .+=+*.o   .|
         [   21.018197] Starting Accounts Service...cloud-init
[938]: |   .  o=+*.@..  o|
[   21.018568] cloud-init[938]: |    ..=o= Oo=o+..|
         [   21.088985] Starting Apply the settings specified in cloud-config...cloud-init
[938]: |    .+oo o+*o=++E|
[   21.106041] cloud-init[938]: +----[SHA256]-----+
         Starting LSB: MD monitoring daemon...
[[0;32m  OK  [0m] Started Unattended Upgrades Shutdown.
         Starting /etc/rc.local Compatibility...
[[0;32m  OK  [0m] Started D-Bus System Message Bus.
[[0;32m  OK  [0m] Started Deferred execution scheduler.
         Starting LSB: Record successful boot for GRUB...
         Starting Pollinate to seed the pseudo random number generator...
[[0;32m  OK  [0m] Started Regular background program processing daemon.
[[0;32m  OK  [0m] Started ACPI event daemon.
         Starting System Logging Service...
[[0;32m  OK  [0m] Started Snappy daemon.
         Starting Auto import assertions from block devices...
         Starting LXD - container startup/shutdown...
[[0;32m  OK  [0m] Started /etc/rc.local Compatibility.
[[0;32m  OK  [0m] Started Auto import assertions from block devices.
[[0;32m  OK  [0m] Started System Logging Service.
[[0;32m  OK  [0m] Started Login to default iSCSI targets.
[[0;32m  OK  [0m] Started LSB: MD monitoring daemon.
[[0;32m  OK  [0m] Started LSB: Record successful boot for GRUB.
[[0;32m  OK  [0m] Started Login Service.
         Starting Authenticate and Authorize Users to Run Privileged Tasks...
[[0;32m  OK  [0m] Reached target Remote File Systems (Pre).
[[0;32m  OK  [0m] Reached target Remote File Systems.
         Starting Permit User Sessions...
         Starting LSB: daemon to balance interrupts for SMP systems...
         Starting LSB: VirtualBox Linux Additions...
         Starting LSB: Set the CPU Frequency Scaling governor to "ondemand"...
         Starting LSB: automatic crash report generation...
[[0;32m  OK  [0m] Started LXD - container startup/shutdown.
[[0;32m  OK  [0m] Started Permit User Sessions.
[[0;32m  OK  [0m] Started Authenticate and Authorize Users to Run Privileged Tasks.
[[0;32m  OK  [0m] Started Accounts Service.
[[0;32m  OK  [0m] Started LSB: daemon to balance interrupts for SMP systems.
[[0;32m  OK  [0m] Started LSB: Set the CPU Frequency Scaling governor to "ondemand".
[[0;32m  OK  [0m] Started Pollinate to seed the pseudo random number generator.
         Starting OpenBSD Secure Shell server...
         Starting Hold until boot process finishes up...
         Starting Terminate Plymouth Boot Screen...
[[0;32m  OK  [0m] Started OpenBSD Secure Shell server.
[[0;32m  OK  [0m] Started LSB: VirtualBox Linux Additions.
[[0;32m  OK  [0m] Started LSB: automatic crash report generation.
[   22.429587] cloud-init[1047]: Generating locales (this might take a while)...
[[0;32m  OK  [0m] Started Hold until boot process finishes up.
[[0;32m  OK  [0m] Started Terminate Plymouth Boot Screen.
[[0;32m  OK  [0m] Started Serial Getty on ttyS0.
         Starting Set console scheme...
[[0;32m  OK  [0m] Started Getty on tty1.
[[0;32m  OK  [0m] Reached target Login Prompts.
[[0;32m  OK  [0m] Reached target Multi-User System.
[[0;32m  OK  [0m] Reached target Graphical Interface.
         Starting Update UTMP about System Runlevel Changes...
[[0;32m  OK  [0m] Started Set console scheme.
[[0;32m  OK  [0m] Started Update UTMP about System Runlevel Changes.
[   23.965114] cloud-init[1047]:   en_US.UTF-8... done
[   23.993699] cloud-init[1047]: Generation complete.
         Stopping OpenBSD Secure Shell server...
[[0;32m  OK  [0m] Stopped OpenBSD Secure Shell server.
         Starting OpenBSD Secure Shell server...
[[0;32m  OK  [0m] Started OpenBSD Secure Shell server.
[[0;32m  OK  [0m] Created slice User Slice of ubuntu.
         Starting User Manager for UID 1000...
[[0;32m  OK  [0m] Started Session 1 of user ubuntu.
[[0;32m  OK  [0m] Started User Manager for UID 1000.
[   24.810962] cloud-init[1047]: Cloud-init v. 0.7.9 running 'modules:config' at Mon, 11 Sep 2017 14:40:04 +0000. Up 22.10 seconds.
[[0;32m  OK  [0m] Started Apply the settings specified in cloud-config.
         Starting Execute cloud user/final scripts...
ci-info: no authorized ssh keys fingerprints found for user ubuntu.
<14>Sep 11 14:40:08 ec2: 
<14>Sep 11 14:40:08 ec2: #############################################################
<14>Sep 11 14:40:08 ec2: -----BEGIN SSH HOST KEY FINGERPRINTS-----
<14>Sep 11 14:40:08 ec2: 1024 SHA256:izuCUlHDiR3H8gm3sctxuMGQea+4JCIqKkqnE+leMjw root@ubuntu-xenial (DSA)
<14>Sep 11 14:40:08 ec2: 256 SHA256:QXoorbcbWY4v4Nm9jNkRc50U8KI7zqFsAZwi8IDtW2s root@ubuntu-xenial (ECDSA)
<14>Sep 11 14:40:08 ec2: 256 SHA256:utZiedyZJfcOCDS+ybg4VC/NN6l33i5om/kG8n3zU+8 root@ubuntu-xenial (ED25519)
<14>Sep 11 14:40:08 ec2: 2048 SHA256:husRi2JcA4pES5GD5xK0epi8NucZhGFj8mIA7YFKdKw root@ubuntu-xenial (RSA)
<14>Sep 11 14:40:08 ec2: -----END SSH HOST KEY FINGERPRINTS-----
<14>Sep 11 14:40:08 ec2: #############################################################
-----BEGIN SSH HOST KEY KEYS-----
ecdsa-sha2-nistp256 AAAAE2VjZHNhLXNoYTItbmlzdHAyNTYAAAAIbmlzdHAyNTYAAABBBHWDK18tm664sL2yq05fhk1B/m/SUDGmqZJk5x0N0pe9Fq21XoMnbE8Cu4l3hfgj3fd5FrLLHiCffLEHMo8ODW4= root@ubuntu-xenial
ssh-ed25519 AAAAC3NzaC1lZDI1NTE5AAAAIHyS6PxKzpbPoXfySgE3ImG+AaX0rjhBkcY0ks4pf1TA root@ubuntu-xenial
ssh-rsa AAAAB3NzaC1yc2EAAAADAQABAAABAQDg0AzIivEDQ2ouqA/klJFp7F8M/QGF4WNceDkyNap25ikrVan/PTLgp5D8K1B0/7sKf0kRvTpijWPoSwdhrs7RZs2ke4IANft6HstYzXzx8waaxy/6HBIlsNGXLvV49SY83fTyLVNXrfeVwrmvNtiNF7DvjghSo0RJ2egu4sKk0uX0ogVJf1VxyE/4cwoyz4XviDdjI4vvJDXQtpk4HPizNqmmx0GOPQMFRyMbgKtSnQPKl+kFzQMNEFyivSPaXivdPr3wClVkEeMII7O3dIi6/xe42qp9MezReKEuMs2mFk8kM+afPtu2n/3okW617+Yx139WYQkT/327Aq1rC8GZ root@ubuntu-xenial
-----END SSH HOST KEY KEYS-----
[   26.026462] cloud-init[1374]: Cloud-init v. 0.7.9 running 'modules:final' at Mon, 11 Sep 2017 14:40:08 +0000. Up 25.53 seconds.
[   26.038646] cloud-init[1374]: ci-info: no authorized ssh keys fingerprints found for user ubuntu.
[   26.047578] cloud-init[1374]: Cloud-init v. 0.7.9 finished at Mon, 11 Sep 2017 14:40:08 +0000. Datasource DataSourceNoCloud [seed=/dev/sdb][dsmode=net].  Up 26.01 seconds
[[0;32m  OK  [0m] Started Execute cloud user/final scripts.
[[0;32m  OK  [0m] Reached target Cloud-init target.

Ubuntu 16.04.3 LTS ubuntu-xenial ttyS0

ubuntu-xenial login: 